--------------------------------------------------------------------------------
Makelog started: 2024-09-28 23:37:59
Working directory: /export/projects4/achandra_basicscience/analysis/science_geo/mover_analysis/code
--------------------------------------------------------------------------------
External links successfully created!

  ___  ____  ____  ____  ____ ®
 /__    /   ____/   /   ____/      18.0
___/   /   /___/   /   /___/       MP—Parallel Edition

 Statistics and Data Science       Copyright 1985-2023 StataCorp LLC
                                   StataCorp
                                   4905 Lakeway Drive
                                   College Station, Texas 77845 USA
                                   800-STATA-PC        https://www.stata.com
                                   979-696-4600        stata@stata.com

Stata license: Unlimited-user 4-core network, expiring 17 Nov 2024
Serial number: 501809301897
  Licensed to: Harvard Business School
               Research Computing

Notes:
      1. Stata is running in batch mode.
      2. Unicode is supported; see help unicode_advice.
      3. More than 2 billion observations are allowed; see help obs_advice.
      4. Maximum number of variables is set to 120,000; see help set_maxvar.

. do "/export/projects4/achandra_basicscience/analysis/science_geo/mover_analys
> is/code/analysis.do" 

. set more off

. clear all

. capture log close

. program drop _all

. set scheme modern

. graph set window fontface "Arial Narrow"
not available in non-GUI version

. pause on

. set seed 8975

. global y_name "Productivity"

. global pat_adj_wt_name "Patent-to-Paper Citations"

. global ln_patent_name "Log Patent-to-Paper Citations"

. global ln_y_name "Log Productivity"

. global x_name "Cluster Size"

. global ln_x_name "Log Cluster Size"

. global time year 

. 
. program main
  1.     use ../external/year_insts/filled_in_panel_${time}, clear
  2.     keep if country_code == "US"
  3.     hashsort athr_id year
  4.     gen place_count =  1 if inst_id != inst_id[_n-1] & athr_id == athr_id[
> _n-1] //&  msa_comb != msa_comb[_n-1]
  5.     bys athr_id: egen num_moves = total(place_count)
  6.     bys athr_id (year): gen which_place = sum(place_count)
  7.     by athr_id: gen athr_counter =  _n == 1
  8.     bys athr_id (year) : gen move_year = year if place_count == 1  & _n !=
>  1
  9.     replace move_year = move_year - 3
 10.     bys athr_id : egen first_pub_yr  = min(year)
 11.     gcontract athr_id  move_year  num_moves first_pub_yr
 12.     drop _freq
 13.     drop if mi(move_year)
 14.     drop if num_moves <= 0
 15.     save ../temp/movers, replace
 16. 
.     foreach t in year_firstlast year year_firstlast_cns {
 17.         qui make_movers, samp(`t')
 18.         qui sum_stats, samp(`t')
 19.         qui output_tables, samp(`t')
 20.         qui make_dest_origin, samp(`t')
 21.         qui event_study, samp(`t') timeframe(8) ymax(1) ygap(0.1)
 22.         qui event_study, samp(`t') timeframe(8) ymax(1) ygap(0.1) delta(st
> ar_inst_ln_y_diff)
 23.         qui event_study, samp(`t') timeframe(8) startyr(1945) endyr(1980) 
> ymax(1) ygap(0.1)
 24.         qui event_study, samp(`t') timeframe(8) startyr(1980) endyr(1995) 
> ymax(1) ygap(0.1)
 25.         qui event_study, samp(`t') timeframe(8) startyr(1995) endyr(2023) 
> ymax(1) ygap(0.1)
 26.     }
 27.     coathr_locs, samp(year_firstlast)
 28. end

. 
. program make_movers
  1.     syntax, samp(str)
  2.     use athr_id field msa_comb year inst_id msa_size impact_cite_affl_wt a
> vg_team_size if !mi(msa_comb) & !mi(inst_id) using ../external/samp/athr_pane
> l_full_comb_`samp', clear 
  3.     hashsort athr_id year
  4.     gen place_count =  1 if inst_id != inst_id[_n-1] & athr_id == athr_id[
> _n-1] //& msa_comb != msa_comb[_n-1]
  5.     bys athr_id: egen num_moves = total(place_count)
  6.     bys athr_id (year): gen which_place = sum(place_count)
  7.     bys athr_id: gen athr_counter =  _n == 1
  8.     gen mover = num_moves > 0 
  9.     tab num_moves if athr_counter == 1 & mover == 1
 10.     tab mover if athr_counter == 1
 11.     bys athr_id year: gen athr_year_counter =  _n == 1
 12.     tab mover if athr_year_counter == 1
 13.     replace which_place = which_place + 1
 14.     replace which_place = 0 if mover == 0
 15.     hashsort athr_id year 
 16.     bys athr_id (year): gen origin = 1 if which_place == 1
 17.     gen dest = place_count == 1 & origin != 1 & mover == 1
 18.     bys athr_id (year): replace origin = 1 if mover == 1 & place_count[_n+
> 1] == 1 & mi(origin) 
 19.     hashsort athr_id which_place origin
 20.     bys athr_id which_place:  replace origin = origin[_n-1] if mi(origin) 
> & !mi(origin[_n-1])
 21. 
.     preserve
 22.     keep if mover == 1 & num_moves == 1 
 23.     gcontract athr_id year
 24.     drop _freq
 25.     bys athr_id: egen min_year = min(year)
 26.     bys athr_id: egen max_year = max(year)
 27.     gcontract athr_id min_year max_year
 28.     drop _freq
 29.     save ../temp/single_movers_`samp', replace
 30. 
.     merge 1:m athr_id using ../temp/movers, assert(1 2 3) keep(3) nogen
 31.     keep if move_year >= min_year & move_year <= max_year
 32.     gcontract athr_id move_year first_pub_yr
 33.     drop _freq
 34.     bys athr_id: gen N = _n 
 35.     keep if N == 1
 36.     save ../temp/mover_xw_`samp', replace
 37.     restore
 38. 
.     merge m:1 athr_id using ../temp/mover_xw_`samp', assert(1 2 3) keep(1 3) 
 39.     bys inst_id year: egen has_mover = max(mover == 1)
 40.     drop if has_mover == 0
 41.     gen analysis_cond = mover == 1 & num_moves == 1 & ((mover == 0 & _merg
> e == 1) | (mover == 1 & _merge == 3))
 42.     drop _merge
 43.     drop has_mover place_count athr_counter athr_year_counter N
 44.     save ../temp/mover_temp_`samp' , replace
 45. end

. 
. program sum_stats
  1.     syntax, samp(str)
  2.     use ../temp/mover_temp_`samp' , clear  
  3.     gegen msa = group(msa_comb)
  4.     gen ln_y = ln(impact_cite_affl_wt)
  5.     gen ln_x = ln(msa_size)
  6.     rename impact_cite_affl_wt y
  7.     rename msa_size x
  8. 
.     // individual level stats
.     preserve
  9.     bys athr_id: gen num_years = _N
 10.     bys athr_id inst_id : gen inst_cntr = _n == 1
 11.     bys athr_id : egen num_insts = total(inst_cntr)
 12.     gen life_time_prod = y
 13.     gcollapse (mean) num_years num_moves avg_team_size x y num_insts mover
>  (min) analysis_cond (sum) life_time_prod, by(athr_id)
 14.     count
 15.     foreach var in num_years avg_team_size x y life_time_prod num_moves {
 16.         sum `var'
 17.         mat ind_stats = nullmat(ind_stats) \ (r(mean) , r(sd))
 18.     }
 19.     count if mover == 0 
 20.     foreach var in num_years avg_team_size x y life_time_prod {
 21.         sum `var' if mover == 0 
 22.         mat ind_stats = nullmat(ind_stats) \ (r(mean) , r(sd))
 23.     } 
 24.     count if mover == 1
 25.     foreach var in num_years avg_team_size x y life_time_prod {
 26.         sum `var' if mover == 1 
 27.         mat ind_stats = nullmat(ind_stats) \ (r(mean) , r(sd))
 28.     }
 29.     count if analysis_cond == 1 
 30.     foreach var in num_years avg_team_size x y life_time_prod {
 31.         sum `var' if analysis_cond == 1  
 32.         mat ind_stats = nullmat(ind_stats) \ (r(mean) , r(sd))
 33.     }
 34.     restore
 35. 
.     preserve
 36.     gen life_time_prod = y
 37.     bys msa_comb inst_id: gen inst_cntr = _n == 1
 38.     bys msa_comb: egen num_insts = total(inst_cntr)
 39.     gcollapse (mean) x y num_insts (sum) life_time_prod, by(inst_id)
 40.     count
 41.     foreach var in num_insts x y life_time_prod {
 42.         qui sum `var' 
 43.         mat city_stats = nullmat(city_stats) \ (r(mean), r(sd))
 44.     }
 45.     restore
 46.     mat stat_`samp' = ind_stats \ city_stats 
 47. end 

. 
. program make_dest_origin
  1.     syntax, samp(str)
  2.     use ../temp/mover_temp_`samp' , clear  
  3.     gegen msa = group(msa_comb)
  4.     gen ln_y = ln(impact_cite_affl_wt)
  5.     gen ln_x = ln(msa_size)
  6.     rename impact_cite_affl_wt y
  7.     rename msa_size x
  8.     foreach loc in inst_id msa_comb {
  9.         preserve
 10.         if "`loc'" == "inst_id" {
 11.             local suf inst 
 12.         }
 13.         if "`loc'" == "msa_comb" {
 14.             local suf msa 
 15.         }
 16.         egen p95_value = pctile(ln_y), p(95) by(`loc' year)
 17.         gen stars = ln_y if ln_y >= p95_value
 18.         gcollapse (mean) `suf'_ln_y = ln_y star_`suf'_ln_y = stars `suf'_l
> n_x = ln_x  (firstnm) msa , by(`loc' ${time}) 
 19.         foreach v in `suf'_ln_y `suf'_ln_x {
 20.             bys `loc' (year): gen pre_`v' = (`v'+`v'[_n-1])/2
 21.             bys `loc' (year): gen post_`v' = (`v'+`v'[_n+1])/2
 22.         }
 23.         save ../temp/`suf'_`samp'_collapsed, replace
 24.         restore
 25.     }
 26.         
.     use if analysis_cond == 1  using ../temp/mover_temp_`samp' , clear  
 27.     merge m:1 athr_id using ../temp/mover_xw_`samp', assert(1 2 3) keep(3)
>  nogen
 28.     gen ln_y = ln(impact_cite_affl_wt)
 29.     gen ln_x = ln(msa_size)
 30.     hashsort athr_id which_place year
 31.     rename impact_cite_affl_wt y
 32.     rename msa_size x
 33.     gen rel = year - move_year
 34.     foreach var in ln_x ln_y {
 35.         bys athr_id which_place: egen avg_`var' = mean(`var') 
 36.     }
 37.     hashsort athr_id which_place -year
 38.     gduplicates drop athr_id which_place, force
 39.     rename year current_year
 40.     gen year = current_year if which_place == 1
 41.     replace year = move_year if which_place == 2
 42.     merge m:1 inst_id year using ../temp/inst_`samp'_collapsed, assert(1 2
>  3) keep(3) nogen
 43.     merge m:1 msa_comb year using ../temp/msa_`samp'_collapsed, assert(1 2
>  3) keep(3) nogen keepusing(msa_ln_x pre_msa_ln_x post_msa_ln_x)
 44.     hashsort athr_id which_place year
 45.     foreach var in avg_ln_x avg_ln_y inst_ln_y inst_ln_x msa_ln_x star_ins
> t_ln_y {
 46.         if strpos("`var'", "avg_") == 0 {
 47.             local type "Destination-Origin Difference in"
 48.             local stem = subinstr(subinstr("`var'", "msa_","",.), "inst_",
>  "",.)
 49.             by athr_id (which_place year): gen `var'_diff = `var'[_n+1] - 
> `var'
 50.         }
 51.         if strpos("`var'", "avg_") > 0 {
 52.             local type "Change in"
 53.             local stem = subinstr("`var'", "avg_","",.)
 54.             by athr_id (which_place year): gen `var'_diff = `var'[_n+1] - 
> `var'
 55.         }
 56.         if "`var'" == "inst_ln_y" | "`var'" == "star_inst_ln_y" {
 57.             qui sum `var'_diff
 58.             local N = r(N)
 59.             local mean : dis %3.2f r(mean)
 60.             local sd : dis %3.2f r(sd)
 61.             tw hist `var'_diff, frac ytitle("Share of Movers", size(vsmall
> )) xtitle("`type' ${`stem'_name}", size(vsmall)) color(edkblue) xlab(, labsiz
> e(vsmall)) ylab(, labsize(vsmall)) legend(on order(- "N (Movers) = `N'" ///
>                                                             "Mean = `mean'" /
> //
>                                                             "            (`sd
> ')") pos(1) ring(0) size(vsmall) region(fcolo(none)))
 62.             graph export ../output/figures/`var'_diff_`samp'.pdf, replace
 63.         }
 64.     }
 65. 
.     reg avg_ln_y_diff inst_ln_y_diff  
 66.     local N = e(N)
 67.     local coef : dis %3.2f _b[inst_ln_y_diff]
 68.     binscatter2 avg_ln_y_diff inst_ln_y_diff,  mcolor(gs5) lcolor(ebblue) 
> xlab(, labsize(vsmall)) ylab(, labsize(vsmall)) xtitle("Destination-Origin Di
> fference in Log Productivity", size(vsmall)) ytitle("Change in Log Productivi
> ty after Move", size(vsmall)) legend(on order(- "N (Movers) = `N'" ///
>                                                             "Slope = `coef'")
>  pos(5) ring(0) size(vsmall) region(fcolor(none)))
 69.     graph export ../output/figures/place_effect_desc_`samp'.pdf , replace
 70.     
.     gen origin_loc = msa_comb if which_place  == 1
 71.     gen dest_loc = msa_comb if which_place  == 2
 72.     hashsort athr_id which_place year
 73.     by athr_id : replace dest_loc = dest_loc[_n+1] if mi(dest_loc)
 74.     by athr_id : replace origin_loc = origin_loc[_n-1] if mi(origin_loc)
 75.     gcontract athr_id avg_ln_y_diff avg_ln_x_diff inst_ln_y_diff inst_ln_x
> _diff move_year origin_loc dest_loc msa_ln_x_diff star_inst_ln_y_diff
 76.     drop _freq
 77.     drop if mi(avg_ln_y_diff)
 78.     save ../temp/dest_origin_changes, replace
 79. end

. 
. program event_study 
  1.     syntax, samp(str) timeframe(int) [delta(name) startyr(int 1945) endyr(
> int 2023) ymax(real 1) ygap(real 0.2)] 
  2.     cap mat drop _all  
  3.      if "`delta'" == "" {
  4.          local delta inst_ln_y_diff  
  5.      }
  6.     use if analysis_cond == 1 & inrange(year, `startyr', `endyr')  using .
> ./temp/mover_temp_`samp' , clear  
  7.     merge m:1 athr_id using ../temp/mover_xw_`samp', assert(1 2 3) keep(3)
>  nogen
  8.     keep athr_id inst field year msa_comb impact_cite_affl_wt msa_size whi
> ch_place inst_id move_year first_pub_yr
  9.     hashsort athr_id year
 10.     gen rel = year - move_year
 11.     merge m:1 athr_id move_year using ../temp/dest_origin_changes, keep(3)
>  nogen
 12.     hashsort athr_id year
 13.     gegen msa = group(msa_comb)
 14.     gegen inst = group(inst_id)
 15.     gen ln_y = ln(impact_cite_affl_wt)
 16.     forval i = 1/`timeframe' {
 17.         gen lag`i' = 1 if rel == -`i'
 18.         gen lead`i' = 1 if rel == `i'
 19.         gen int_lag`i' = 1 if rel == -`i'
 20.         gen int_lead`i' = 1 if rel == `i'
 21.     }
 22.     ds int_lead* int_lag*
 23.     foreach var in `r(varlist)' {
 24.         replace `var' = 0 if mi(`var')
 25.         replace `var' = `var'*`delta'
 26.     }
 27.     ds lead* lag*
 28.     foreach var in `r(varlist)' {
 29.         replace `var' = 0 if mi(`var')
 30.     }
 31.     gen int_treat = `delta' if rel == 0  
 32.     gen treat = 1 if rel == 0  
 33.     replace int_treat = 0 if mi(int_treat)
 34.     replace treat = 0 if mi(treat)
 35.     local leads
 36.     local int_leads
 37.     local lags
 38.     local int_lags
 39.     forval i = 1/`timeframe' {
 40.         local leads `leads' lead`i'
 41.         local int_leads `int_leads' int_lead`i'
 42.     }
 43.     forval i = 2/`timeframe' {
 44.         local lags lag`i' `lags'
 45.         local int_lags int_lag`i' `int_lags'
 46.     }
 47.     gunique athr_id 
 48.     local num_movers = r(unique)
 49.         gen move_age_pub = move_year - first_pub_yr  + 1 + 25
 50.     egen pos_move_size = cut(`delta') if `delta' > 0, group(2)
 51.     egen neg_move_size = cut(`delta') if `delta' < 0, group(2)
 52.     gen l2h_move = `delta' > 0
 53.     gen h2l_move = `delta' < 0
 54.     gen s2b_move = msa_ln_x_diff > 0
 55.     gen b2s_move = msa_ln_x_diff < 0
 56.         by athr_id: gen counter = _n == 1
 57.         sum move_age_pub if counter == 1, d
 58.         gen old = move_age_pub >= r(p50)
 59.     gen young = move_age_pub < r(p50)
 60.     foreach cond in "" "& l2h_move== 1" "& h2l_move == 1" "& b2s_move == 1
> " "& s2b_move == 1"  "& old == 1" "& young == 1" {
 61.         local c "inrange(rel,-`timeframe',`timeframe') `cond'"
 62.         local suf = ""
 63.         if "`cond'" == "& l2h_move== 1" {
 64.             local suf = "_l2h"
 65.         }
 66.         else if "`cond'" == "& h2l_move == 1" {
 67.             local suf = "_h2l"
 68.         }
 69.         else if "`cond'" == "& b2s_move == 1" {
 70.             local suf = "_b2s"
 71.         }
 72.         else if "`cond'" == "& s2b_move == 1" {
 73.             local suf = "_s2b"
 74.         }
 75.         else if "`cond'" == "& pos_move_size == 1" {
 76.             local suf = "_ll2hh"
 77.         }
 78.         else if "`cond'" == "& neg_move_size == 0" {
 79.             local suf = "_hh2ll"
 80.         }
 81.                 else if "`cond'" == "& old == 1" {
 82.             local suf = "_old"
 83.         }
 84.                 else if "`cond'" == "& young == 1" {
 85.             local suf = "_young"
 86.         } 
 87.         if "`delta'" != "star_inst_ln_y_diff" local delta_suf = "" 
 88.         if "`delta'" == "star_inst_ln_y_diff" local delta_suf = "star" 
 89.         local suf = "`suf'`delta_suf'" 
 90.         preserve
 91.         mat drop _all
 92.         reghdfe ln_y `lags' `leads' lag1 treat `int_lags' int_treat `int_l
> eads' int_lag1  if `c' , absorb(year field field#year athr_fes = athr_id) vce
> (cluster inst)
 93.         estimates save ../output/es_`startyr'_`endyr'_`samp'`suf', replace
 94.         gunique athr_id if `c'
 95.         local num_movers = r(unique)
 96.         foreach var in `int_lags' int_treat `int_leads' int_lag1 {
 97.             mat row = _b[`var'], _se[`var']
 98.             if "`var'" == "int_lag1" {
 99.                 mat row = 0,0
100.             }
101.             mat es = nullmat(es) \ row 
102.         }
103.         svmat es
104.         keep es1 es2
105.         drop if mi(es1)
106.         rename (es1 es2) (b se)
107.         gen ub = b + 1.96*se
108.         gen lb  = b - 1.96*se
109.         gen rel = -`timeframe' if _n == 1
110.         replace rel = rel[_n-1]+ 1 if _n > 1
111.         replace rel = rel+ 1 if rel >= -1
112.         replace rel = -1 if rel == `timeframe'+1
113.         sum b if inrange(rel, -`timeframe',-2)
114.         local pre_mean : di %3.2f r(mean)
115.         sum b if inrange(rel, 1,`timeframe')
116.         local post_mean : di %3.2f r(mean)
117.         replace lb = -1 if lb < -1
118.         replace ub = 1 if ub > 1
119.                 save ../temp/es_coefs_`startyr'_`endyr'_`samp'`suf', repla
> ce
120.         if "`cond'" == "" {
121.             tw rcap ub lb rel if rel != -1,  lcolor(ebblue%50) msize(vsmal
> l) || scatter b rel if se !=0 | rel == -1, msize(small) mcolor(ebblue%50) xla
> b(-`timeframe'(1)`timeframe', angle(45) labsize(vsmall)) ylab(-`ymax'(`ygap')
> `ymax', labsize(vsmall)) ///
>               yline(0, lcolor(black) lpattern(solid)) xline(-0.5, lcolor(gs12
> ) lpattern(dash))  ///
>               legend(on order(- "N (Movers) = `num_movers'" ///
>                                                                 "Pre-period m
> ean = `pre_mean'" ///
>                                                                 "Post-period 
> mean = `post_mean'") pos(5) ring(0) size(vsmall) region(fcolor(none))) xtitle
> ("Relative Year to Move", size(vsmall)) ytitle("Log Productivity", size(vsmal
> l))
122.             graph export ../output/figures/es`startyr'_`endyr'_`samp'`suf'
> .pdf, replace
123. 
.         }
124.         restore
125.     }
126.         gunique athr_id if l2h_move== 1
127.     local l2h_num_movers = r(unique)
128.         gunique athr_id if h2l_move== 1
129.     local h2l_num_movers = r(unique)
130.         
.         gunique athr_id if s2b_move== 1
131.     local s2b_num_movers = r(unique)
132.         gunique athr_id if b2s_move== 1
133.     local b2s_num_movers = r(unique)
134.         gunique athr_id if young== 1
135.     local young_num_movers = r(unique)
136.         gunique athr_id if old== 1
137.     local old_num_movers = r(unique)
138. 
.         // merge l2h h2
.         use ../temp/es_coefs_`startyr'_`endyr'_`samp'_l2h`delta_suf', clear
139.         gen cat = "l2h"
140.         replace rel = rel - 0.09
141.         append using ../temp/es_coefs_`startyr'_`endyr'_`samp'_h2l`delta_s
> uf'
142.         replace cat = "h2l" if mi(cat)
143.         replace rel = rel + 0.09 if cat == "h2l"
144.         tw rcap ub lb rel if rel != -1.09 & cat == "l2h",  lcolor(lavender
> %70) msize(vsmall) || ///
>            scatter b rel if cat == "l2h", mcolor(lavender%70) msize(small) ||
>  ///
>            rcap ub lb rel if rel != -0.91 & cat == "h2l",  lcolor(orange%70) 
> msize(vsmall) || ///
>            scatter b rel if cat == "h2l", mcolor(orange%70) msymbol(smdiamond
> ) msize(small) /// 
>            xlab(-`timeframe'(1)`timeframe', angle(45) labsize(vsmall)) ylab(-
> `ymax'(`ygap')`ymax', labsize(vsmall)) ///
>           yline(0, lcolor(black) lpattern(solid)) xline(0, lcolor(gs12) lpatt
> ern(dash))  ///
>           legend(on order(2 "Low to High Productivity Place Movers (N = `l2h_
> num_movers')" 4 "High to Low Productivity Place Movers (N = `h2l_num_movers')
> ") pos(5) ring(0) size(vsmall) region(fcolor(none))) xtitle("Relative Year to
>  Move", size(vsmall)) ytitle("Log Productivity", size(vsmall))
145.     graph export ../output/figures/es`startyr'_`endyr'_`samp'_prodchg`delt
> a_suf'.pdf, replace
146.         
.         // merge s2b b2s
.         use ../temp/es_coefs_`startyr'_`endyr'_`samp'_s2b`delta_suf', clear
147.         gen cat = "s2b"
148.         replace rel = rel - 0.09
149.         append using ../temp/es_coefs_`startyr'_`endyr'_`samp'_b2s`delta_s
> uf'
150.         replace cat = "b2s" if mi(cat)
151.         replace rel = rel + 0.09 if cat == "b2s"
152.         tw rcap ub lb rel if rel != -1.09 & cat == "s2b",  lcolor(lavender
> %70) msize(vsmall) || ///
>            scatter b rel if cat == "s2b", mcolor(lavender%70) msize(small) ||
>  ///
>            rcap ub lb rel if rel != -0.91 & cat == "b2s",  lcolor(orange%70) 
> msize(vsmall) || ///
>            scatter b rel if cat == "b2s", mcolor(orange%70) msymbol(smdiamond
> ) msize(small) /// 
>            xlab(-`timeframe'(1)`timeframe', angle(45) labsize(vsmall)) ylab(-
> `ymax'(`ygap')`ymax', labsize(vsmall)) ///
>           yline(0, lcolor(black) lpattern(solid)) xline(0, lcolor(gs12) lpatt
> ern(dash))  ///
>           legend(on order(2 "Small to Big Place Movers (N = `s2b_num_movers')
> " 4 "Big to Small Place Movers (N = `b2s_num_movers')") pos(5) ring(0) size(v
> small) region(fcolor(none))) xtitle("Relative Year to Move", size(vsmall)) yt
> itle("Log Productivity", size(vsmall))
153.     graph export ../output/figures/es`startyr'_`endyr'_`samp'_sizechg`delt
> a_suf'.pdf, replace
154.         
.         // merge young old
.         use ../temp/es_coefs_`startyr'_`endyr'_`samp'_young`delta_suf', clear
155.         gen cat = "young"
156.         replace rel = rel - 0.09
157.         append using ../temp/es_coefs_`startyr'_`endyr'_`samp'_old`delta_s
> uf'
158.         replace cat = "old" if mi(cat)
159.         replace rel = rel + 0.09 if cat == "old"
160.         tw rcap ub lb rel if rel != -1.09 & cat == "young",  lcolor(lavend
> er%70) msize(vsmall) || ///
>            scatter b rel if cat == "young" & rel > -7, mcolor(lavender%70) ms
> ize(small)|| ///
>            rcap ub lb rel if rel != -0.91 & cat == "old",  lcolor(orange%70) 
> msize(vsmall) || ///
>            scatter b rel if cat == "old", mcolor(orange%70) msymbol(smdiamond
> ) msize(small) /// 
>            xlab(-`timeframe'(1)`timeframe', angle(45) labsize(vsmall)) ylab(-
> `ymax'(`ygap')`ymax', labsize(vsmall)) ///
>           yline(0, lcolor(black) lpattern(solid)) xline(0, lcolor(gs12) lpatt
> ern(dash))  ///
>           legend(on order(2 "Movers Aged < 40 (N = `young_num_movers')" 4 "Mo
> vers Aged >= 40 (N = `old_num_movers')") pos(5) ring(0) size(vsmall) region(f
> color(none))) xtitle("Relative Year to Move", size(vsmall)) ytitle("Log Produ
> ctivity", size(vsmall))
161.     graph export ../output/figures/es`startyr'_`endyr'_`samp'_age`delta_su
> f'.pdf, replace
162. end

. 
. program output_tables
  1.     syntax, samp(str)
  2.     foreach file in stat { 
  3.          qui matrix_to_txt, saving("../output/tables/`file'_`samp'.txt") m
> atrix(`file'_`samp') ///
>            title(<tab:`file'_`samp'>) format(%20.4f) replace
  4.     }
  5. end

. 
. program coathr_locs
  1.     syntax, samp(str)
  2.     use ../temp/mover_temp_`samp', clear
  3.     gcontract athr_id year
  4.     drop _freq
  5.     save ../temp/samp_restrict, replace 
  6. 
.     use if analysis_cond == 1 & origin == 1 using ../temp/mover_temp_`samp' ,
>  clear  
  7.     gcontract athr_id inst_id msa_comb move_year
  8.     gisid athr_id
  9.     rename athr_id focal_id
 10.     rename msa_comb origin_msa
 11.     rename inst_id origin_inst
 12.     drop _freq
 13.     save ../temp/mover_origin, replace
 14. 
.     use if analysis_cond == 1 & dest == 1 using ../temp/mover_temp_`samp' , c
> lear  
 15.     gcontract athr_id inst_id msa_comb move_year
 16.     gisid athr_id
 17.     rename athr_id focal_id
 18.     rename msa_comb dest_msa
 19.     rename inst_id dest_inst
 20.     drop _freq
 21.     save ../temp/mover_dest, replace
 22. 
.     use ../external/openalex/cleaned_all_15jrnls.dta, clear
 23.     keep if country_code == "US"
 24.     gcontract pmid year athr_id inst_id msa_comb
 25.     merge m:1 athr_id year using ../temp/samp_restrict, keep(3) nogen
 26.     drop _freq
 27.     rename athr_id focal_id
 28.     save ../temp/focal_list, replace
 29.     use ../external/openalex/cleaned_all_15jrnls.dta, clear
 30.     keep if country_code == "US"
 31.     gcontract pmid year athr_id inst_id msa_comb
 32.     drop _freq
 33.     rename inst_id coathr_inst
 34.     rename msa_comb coathr_msa
 35.     save ../temp/coauthors, replace
 36. 
.     use ../temp/focal_list, clear
 37.     joinby pmid using ../temp/coauthors
 38.     drop if focal_id == athr_id
 39.     gcontract focal_id year athr_id inst_id msa_comb coathr*
 40.     drop _freq
 41.     merge m:1 focal_id using ../temp/mover_origin, assert(1 2 3) keep(3) n
> ogen
 42.     merge m:1 focal_id using ../temp/mover_dest, assert(1 2 3) keep(3) nog
> en
 43.     bys focal_id year: gen num_coathrs = _N 
 44.     gen same_inst = inst_id == coathr_inst
 45.     gen same_msa = msa_comb ==  coathr_msa
 46.     gen same_origin_inst = origin_inst == coathr_inst
 47.     gen same_dest_inst = coathr_inst == dest_inst 
 48.     gen same_origin_msa = origin_msa == coathr_msa
 49.     gen same_dest_msa = coathr_msa == dest_msa 
 50.     gcollapse (sum) same* (mean) num_coathrs (mean) move_year, by(focal_id
>  year)
 51.     foreach v in inst msa origin_inst dest_inst origin_msa dest_msa {
 52.         gen share_`v' = same_`v'/num_coathrs
 53.     }
 54.     gen rel = year - move_year
 55.     gcollapse (mean) share*, by(rel)
 56.     tw (line share_origin_inst rel if inrange(rel,-10,10), lcolor(lavender
> %70))  ///
>         (line share_dest_inst rel if inrange(rel,-10,10), lcolor(orange%70)) 
>   ///
>         (scatteri 1 3 0 3, recast(line) lwidth(vthin) lpattern(dash) lcolor(e
> bblue))  ///
>         (scatteri 1 -0.5 0 -0.5, recast(line) lwidth(vthin) lpattern(dash) lc
> olor(gs12)),  ///
>         xlabel(-10(1)10, labsize(vsmall)) ylabel(0(0.1)1, labsize(vsmall)) //
> /
>         xtitle("Relative Year to Move", size(vsmall)) ytitle("Share of co-aut
> hors", size(vsmall)) ///
>         legend(on order(1 "Co-authors from Origin Institution" 2 "Co-authors 
> from Destination Institution" 3 "First Publication Affiliated with Destinatio
> n" 4 "Move") pos(11) ring(0) size(vsmall) region(fcolor(none))) 
 57.     graph export ../output/figures/coauthor_same_inst.pdf, replace
 58.     tw (line share_origin_msa rel if inrange(rel,-10,10), lcolor(lavender%
> 70))  ///
>         (line share_dest_msa rel if inrange(rel,-10,10), lcolor(orange%70))  
> ///
>         (scatteri 1 3 0 3, recast(line) lwidth(vthin) lpattern(dash) lcolor(e
> bblue))  ///
>         (scatteri 1 -0.5 0 -0.5, recast(line) lwidth(vthin) lpattern(dash) lc
> olor(gs12)),  ///
>         xlabel(-10(1)10, labsize(vsmall)) ylabel(0(0.1)1, labsize(vsmall)) //
> /
>         xtitle("Relative Year to Move", size(vsmall)) ytitle("Share of co-aut
> hors", size(vsmall)) ///
>         legend(on order(1 "Co-authors from Origin City" 2 "Co-authors from De
> stination City" 3 "First Publication Affiliated with Destination" 4 "Move") p
> os(11) ring(0) size(vsmall) region(fcolor(none))) 
 59.     graph export ../output/figures/coauthor_same_msa.pdf, replace
 60.     tw (line share_inst rel if inrange(rel,-10,10), lcolor(lavender%70)) |
> |  ///
>         (line share_msa rel if inrange(rel,-10,10), lcolor(orange%70)) ///
>         (scatteri 1 3 0 3, recast(line) lwidth(vthin) lpattern(dash) lcolor(e
> bblue))  ///
>         (scatteri 1 -0.5 0 -0.5, recast(line) lwidth(vthin) lpattern(dash) lc
> olor(gs12)),  ///
>         xlabel(-10(1)10, labsize(vsmall)) ylabel(0(0.1)1, labsize(vsmall)) //
> /
>         xtitle("Relative Year to Move", size(vsmall)) ytitle("Share of co-aut
> hors", size(vsmall)) ///
>         legend(on order(1 "Co-authors from Same Institution" 2 "Co-authors fr
> om Same City" 3 "First Publication Affiliated with Destination" 4 "Move") pos
> (11) ring(0) size(vsmall) region(fcolor(none))) 
 61.     graph export ../output/figures/coauthor_same_geo.pdf, replace
 62. end

. ** 
. main
(22,034,336 observations deleted)
(9,845,728 missing values generated)
(9,845,728 missing values generated)
(1,113,060 real changes made)
(721,133 observations deleted)
(0 observations deleted)
(file ../temp/movers.dta not found)
file ../temp/movers.dta saved
(file ../temp/samp_restrict.dta not found)
file ../temp/samp_restrict.dta saved
(file ../temp/mover_origin.dta not found)
file ../temp/mover_origin.dta saved
(file ../temp/mover_dest.dta not found)
file ../temp/mover_dest.dta saved
(2,134,219 observations deleted)

    Result                      Number of obs
    -----------------------------------------
    Not matched                             0
    Matched                           511,948  
    -----------------------------------------
(file ../temp/focal_list.dta not found)
file ../temp/focal_list.dta saved
(2,134,219 observations deleted)
(file ../temp/coauthors.dta not found)
file ../temp/coauthors.dta saved
(511,948 observations deleted)

    Result                      Number of obs
    -----------------------------------------
    Not matched                             0
    Matched                           428,150  
    -----------------------------------------

    Result                      Number of obs
    -----------------------------------------
    Not matched                             0
    Matched                           428,150  
    -----------------------------------------
file ../output/figures/coauthor_same_inst.pdf saved as PDF format
file ../output/figures/coauthor_same_msa.pdf saved as PDF format
file ../output/figures/coauthor_same_geo.pdf saved as PDF format

. 
end of do-file

--------------------------------------------------------------------------------
Makelog ended: 2024-09-28 23:43:58
Working directory: /export/projects4/achandra_basicscience/analysis/science_geo/mover_analysis/code
--------------------------------------------------------------------------------
