--------------------------------------------------------------------------------
Makelog started: 2023-12-17 13:13:41
Working directory: /export/home/dor/cxu/innovation_projs/analysis/science_geo/mover_analysis/code
--------------------------------------------------------------------------------
External links successfully created!

  ___  ____  ____  ____  ____ ®
 /__    /   ____/   /   ____/      17.0
___/   /   /___/   /   /___/       MP—Parallel Edition

 Statistics and Data Science       Copyright 1985-2021 StataCorp LLC
                                   StataCorp
                                   4905 Lakeway Drive
                                   College Station, Texas 77845 USA
                                   800-STATA-PC        https://www.stata.com
                                   979-696-4600        stata@stata.com

Stata license: Unlimited-user 4-core network, expiring 17 Nov 2024
Serial number: 501809301897
  Licensed to: Harvard Business School
               Research Computing

Notes:
      1. Stata is running in batch mode.
      2. Unicode is supported; see help unicode_advice.
      3. More than 2 billion observations are allowed; see help obs_advice.
      4. Maximum number of variables is set to 120,000; see help set_maxvar.

. do "/export/home/dor/cxu/innovation_projs/analysis/science_geo/mover_analysis
> /code/analysis.do" 

. set more off

. clear all

. capture log close

. program drop _all

. set scheme modern

. graph set window fontface "Arial Narrow"
not available in non-GUI version

. pause on

. set seed 8975

. global temp "/export/scratch/cxu_sci_geo/movers"

. global y_name "Productivity"

. global pat_adj_wt_name "Patent-to-Paper Citations"

. global ln_patent_name "Log Patent-to-Paper Citations"

. global ln_y_name "Log Productivity"

. global x_name "Cluster Size"

. global ln_x_name "Log Cluster Size"

. global time year 

. program main
  1.     foreach t in year_firstlast {
  2.         make_movers, samp(`t')
  3.         qui mover_stats, samp(`t')
  4.         output_tables, samp(`t')
  5.         event_study, samp(`t') timeframe(20) ymax(1) ygap(0.1)
  6.         event_study, samp(`t') timeframe(10) startyr(1945) endyr(1975) yma
> x(1) ygap(0.1)
  7.         event_study, samp(`t') timeframe(10) startyr(1955) endyr(1985) yma
> x(1) ygap(0.1)
  8.         event_study, samp(`t') timeframe(10) startyr(1965) endyr(1995) yma
> x(1) ygap(0.1)
  9.         event_study, samp(`t') timeframe(10) startyr(1975) endyr(2005) yma
> x(1) ygap(0.1)
 10.         event_study, samp(`t') timeframe(10) startyr(1985) endyr(2023) yma
> x(1) ygap(0.1)
 11.     }
 12. end

. 
. program make_movers
  1.     syntax, samp(str)
  2.     use if !mi(msa_comb) using ../external/samp/athr_panel_full_comb_`samp
> ', clear 
  3.     hashsort athr_id year
  4.     gen place_count =  1 if msa_comb != msa_comb[_n-1]
  5.     bys athr_id: egen num_moves = total(place_count)
  6.     bys athr_id (year): gen which_place = sum(place_count)
  7.     bys athr_id: gen athr_counter =  _n == 1
  8.     replace num_moves = num_moves-1
  9.     gen mover = num_moves > 0 
 10.     tab num_moves if athr_counter == 1 & mover == 1
 11.     tab mover if athr_counter == 1
 12.     bys athr_id year: gen athr_year_counter =  _n == 1
 13.     tab mover if athr_year_counter == 1
 14.     replace which_place = 0 if mover == 0
 15.     replace which_place = 1 if which_place == 0 & mover == 1
 16.     bys athr_id: egen min_which_place =min(which_place)
 17.     replace which_place = which_place + 1 if mover == 1 & min_which_place 
> == 0
 18.     drop min_which_place
 19.     hashsort athr_id year 
 20.     bys athr_id (year): gen origin = 1 if which_place == 1
 21.     gen dest = place_count == 1 & origin != 1 & mover == 1
 22.     bys athr_id (year): replace origin = 1 if mover == 1 & place_count[_n+
> 1] == 1 & mi(origin) 
 23.     hashsort athr_id which_place origin
 24.     bys athr_id which_place:  replace origin = origin[_n-1] if mi(origin) 
> & !mi(origin[_n-1])
 25.     save ${temp}/mover_temp_`samp' , replace
 26. end

. 
. program mover_stats
  1.     syntax, samp(str)
  2.     use ${temp}/mover_temp_`samp' , clear  
  3.     gen patented = pat_wt > 0
  4.     gegen msa = group(msa_comb)
  5.     gen ln_y = ln(impact_affl_wt)
  6.     gen ln_x = ln(msa_size)
  7.     gen ln_patent = ln(pat_adj_wt)
  8.     rename impact_affl_wt y
  9.     rename msa_size x
 10.     foreach var in ln_x ln_y {
 11.         sum `var' if mover == 0
 12.         mat nonmover = r(mean) \  r(sd) 
 13.         sum `var' if mover == 1 
 14.         mat mover = r(mean)\ r(sd)
 15.         sum `var' if mover == 1 & origin == 1  
 16.         mat mover_origin = r(mean)\ r(sd) 
 17.         sum `var' if mover == 1 & dest == 1  
 18.         mat mover_dest = r(mean)\ r(sd) 
 19.         sum `var' if mover == 1  & num_moves == 1
 20.         mat sing_mover = r(mean)\ r(sd)
 21.         sum `var' if mover == 1  & num_moves == 1 & origin==1
 22.         mat sing_mover_origin = r(mean)\ r(sd)
 23.         sum `var' if mover == 1  & num_moves == 1 & dest==1
 24.         mat sing_mover_dest = r(mean)\ r(sd)
 25.         mat row = (nonmover, sing_mover, sing_mover_origin, sing_mover_des
> t)
 26.         mat stat_`samp' = nullmat(stat_`samp') \ row 
 27.     }
 28.     qui gunique athr_id if mover == 0
 29.     mat N = r(unique)
 30. *    qui gunique athr_id if mover == 1
. *    mat N = N, r(unique), r(unique), r(unique)
.     qui gunique athr_id if mover == 1 & num_moves == 1
 31.     mat N = N, r(unique), r(unique), r(unique)
 32.     mat stat_`samp' = nullmat(stat_`samp') \ N
 33.     gen ln_affl_wt = ln(affl_wt)
 34.     gcollapse (mean) msa_y = y msa_x = x msa_ln_y = ln_y msa_ln_x = ln_x m
> sa_ln_patent = ln_patent msa_patent = pat_adj_wt msa_patent_rate = patented m
> sa_affl_wt = affl_wt msa_ln_affl_wt = ln_affl_wt (firstnm) msa, by(msa_comb $
> {time})
 35.     save ${temp}/msa_`samp'_collapsed, replace
 36. 
.     use if mover == 1 & num_moves == 1 using ${temp}/mover_temp_`samp' , clea
> r  
 37.     gen ln_y = ln(impact_affl_wt)
 38.     gen ln_x = ln(msa_size)
 39.     gen ln_patent = ln(pat_adj_wt)
 40.     gen ln_affl_wt = ln(affl_wt)
 41.     gen patented = pat_wt > 0
 42.     hashsort athr_id which_place year
 43.     rename impact_affl_wt y
 44.     rename msa_size x
 45.     foreach var in y x  ln_y ln_x ln_patent ln_affl_wt patented {
 46.         bys athr_id which_place: egen avg_`var' = mean(`var') 
 47.     }
 48.     hashsort athr_id which_place -year
 49.     gduplicates drop athr_id which_place, force
 50.     merge m:1 msa_comb year using ${temp}/msa_`samp'_collapsed, assert(2 3
> ) keep(3) nogen
 51.     hashsort athr_id which_place year
 52.     foreach var in msa_ln_y msa_ln_x msa_ln_patent avg_ln_y avg_ln_x avg_l
> n_patent {
 53.         if strpos("`var'", "msa_") > 0 {
 54.             local type "Destination-Origin Difference in"
 55.             local stem = subinstr("`var'", "msa_","",.)
 56.         }
 57. 
.         if strpos("`var'", "avg_") > 0 {
 58.             local type "Change in"
 59.             local stem = subinstr("`var'", "avg_","",.)
 60.         }
 61.         by athr_id: gen `var'_diff = `var'[_n+1] - `var'
 62.         qui sum `var'_diff
 63.         local N = r(N)
 64.         local mean : dis %3.2f r(mean)
 65.         local sd : dis %3.2f r(sd)
 66.         tw hist `var'_diff, frac ytitle("Share of Movers", size(vsmall)) x
> title("`type' ${`stem'_name}", size(vsmall)) color(edkblue) xlab(, labsize(vs
> mall)) ylab(, labsize(vsmall)) legend(on order(- "N (Movers) = `N'" ///
>                                                         "Mean = `mean'" ///
>                                                         "            (`sd')")
>  pos(1) ring(0) size(vsmall) region(fcolo(none)))
 67.         graph export ../output/figures/`var'_diff_`samp'.pdf, replace
 68.     }
 69. 
.     reg avg_ln_y_diff msa_ln_y_diff 
 70.     local N = e(N)
 71.     local coef : dis %3.2f _b[msa_ln_y_diff]
 72.     binscatter2 avg_ln_y_diff msa_ln_y_diff,  mcolor(gs5) lcolor(ebblue) x
> lab(, labsize(vsmall)) ylab(, labsize(vsmall)) xtitle("Destination-Origin Dif
> ference in Log Productivity", size(vsmall)) ytitle("Change in Log Productivit
> y after Move", size(vsmall)) legend(on order(- "N (Movers) = `N'" ///
>                                                             "Slope = `coef'")
>  pos(5) ring(0) size(vsmall) region(fcolor(none)))
 73.     graph export ../output/figures/place_effect_desc_`samp'.pdf , replace
 74.     
.     reg avg_ln_patent_diff msa_ln_y_diff 
 75.     local N = e(N)
 76.     local coef : dis %3.2f _b[msa_ln_y_diff]
 77.     binscatter2 avg_ln_patent_diff msa_ln_y_diff,  mcolor(gs5) lcolor(ebbl
> ue) xlab(, labsize(vsmall)) ylab(, labsize(vsmall)) ytitle("Change in Log Pap
> er-to-Patent Citations after Move", size(vsmall)) xtitle("Destination-Origin 
> Difference in Log Productivity", size(vsmall)) legend(on order(- "N (Movers) 
> = `N'" ///
>                                                                              
> "Slope = `coef'") pos(5) ring(0) size(vsmall) region(fcolor(none)))
 78.     graph export ../output/figures/place_productivity_patent_bs_`samp'.pdf
>  , replace
 79.     gcontract athr_id avg_ln_y_diff avg_ln_x_diff msa_ln_y_diff msa_ln_x_d
> iff year
 80.     drop _freq
 81.     drop if mi(avg_ln_y_diff)
 82.     rename year move_year
 83.     save ../temp/dest_origin_changes, replace
 84. end

. 
. program event_study 
  1.     syntax, samp(str) timeframe(int) [startyr(int 1945) endyr(int 2023) ym
> ax(real 1) ygap(real 0.2)] 
  2.     cap mat drop _all  
  3.     use if mover == 1 & num_moves == 1 & inrange(year, `startyr', `endyr')
>   using ${temp}/mover_temp_`samp' , clear  
  4.     keep athr_id inst field year msa_comb impact_affl_wt msa_size which_pl
> ace inst_id
  5.     hashsort athr_id year
  6.     by athr_id: gen move = which_place != which_place[_n+1] &  _n != _N
  7.     gen move_year = year if move == 1
  8.     hashsort athr_id move_year
  9.     by athr_id: replace move_year = move_year[_n-1] if mi(move_year) & !mi
> (move_year[_n-1])
 10.     gen rel = year - move_year
 11.     gunique athr_id if rel == 0
 12.     local num_movers = r(unique)
 13.     merge m:1 athr_id move_year using ../temp/dest_origin_changes, keep(3)
>  nogen
 14.     hashsort athr_id year
 15.     gegen msa = group(msa_comb)
 16.     rename inst inst_name
 17.     gegen inst = group(inst_id)
 18.     gen ln_y = ln(impact_affl_wt)
 19.     gen ln_x = ln(msa_size)
 20.     forval i = 1/`timeframe' {
 21.         gen lag`i' = 1 if rel == -`i'
 22.         gen lead`i' = 1 if rel == `i'
 23.     }
 24.     ds lead* lag*
 25.     foreach var in `r(varlist)' {
 26.         replace `var' = 0 if mi(`var')
 27.         replace `var' = `var'*msa_ln_y_diff
 28.     }
 29.     gen treat = msa_ln_y_diff if rel == 0  
 30.     replace treat = 0 if mi(treat)
 31.     local leads
 32.     local lags
 33.     forval i = 1/`timeframe' {
 34.         local leads `leads' lead`i'
 35.         local lags lag`i' `lags'
 36.     }
 37.     reghdfe ln_y `lags' treat `leads' if inrange(rel,-`timeframe',`timefra
> me'), absorb(year field msa field#year field#msa athr_id) vce(cluster msa)
 38.     local normalize = _b[lag1]
 39.     foreach var in `lags' treat `leads' {
 40.         mat row = _b[`var']-`normalize', _se[`var']
 41.         if "`var'" == "lag1" {
 42.             mat row = _b[`var']-`normalize',0
 43.         }
 44.         mat es = nullmat(es) \ row 
 45.     }
 46.     svmat es
 47.     preserve
 48.     keep es1 es2
 49.     drop if mi(es1)
 50.     rename (es1 es2) (b se)
 51.     gen ub = b + 1.96*se
 52.     gen lb  = b - 1.96*se
 53.     gen rel = -`timeframe' if _n == 1
 54.     replace rel = rel[_n-1]+ 1 if _n > 1
 55.     drop if rel ==`timeframe' 
 56.     sum b if inrange(rel, -`timeframe',-2)
 57.     local pre_mean : di %3.2f r(mean)
 58.     sum b if inrange(rel, 1,`timeframe')
 59.     local post_mean : di %3.2f r(mean)
 60.     local end = `timeframe' - 1
 61.     tw rcap ub lb rel if rel != -1,  lcolor(gs10) || scatter b rel, mcolor
> (ebblue) xlab(-`timeframe'(1)`end', angle(45) labsize(vsmall)) ylab(-`ymax'(`
> ygap')`ymax', labsize(vsmall)) ///
>       yline(0, lcolor(black) lpattern(solid)) xline(0, lcolor(purple%50) lpat
> tern(dash)) plotregion(margin(none)) ///
>       legend(on order(- "N (Movers) = `num_movers'" ///
>                                                         "Pre-period mean = `p
> re_mean'" ///
>                                                         "Post-period mean = `
> post_mean'") pos(5) ring(0) size(vsmall) region(fcolor(none))) xtitle("Relati
> ve Year to Move", size(vsmall)) ytitle("Log Productivity", size(vsmall))
 62.     graph export ../output/figures/es`startyr'_`endyr'_`samp'.pdf, replace
 63.     restore
 64. end

. 
. program output_tables
  1.     syntax, samp(str)
  2.     foreach file in stat { 
  3.          qui matrix_to_txt, saving("../output/tables/`file'_`samp'.txt") m
> atrix(`file'_`samp') ///
>            title(<tab:`file'_`samp'>) format(%20.4f) replace
  4.     }
  5. 
. end

. ** 
. main
(already sorted)
(156,297 missing values generated)
(363,753 real changes made)

  num_moves |      Freq.     Percent        Cum.
------------+-----------------------------------
          1 |     19,189       78.23       78.23
          2 |      4,106       16.74       94.97
          3 |        908        3.70       98.67
          4 |        231        0.94       99.61
          5 |         63        0.26       99.87
          6 |         25        0.10       99.97
          7 |          6        0.02       99.99
          8 |          2        0.01      100.00
------------+-----------------------------------
      Total |     24,530      100.00

      mover |      Freq.     Percent        Cum.
------------+-----------------------------------
          0 |    156,632       86.46       86.46
          1 |     24,530       13.54      100.00
------------+-----------------------------------
      Total |    181,162      100.00

      mover |      Freq.     Percent        Cum.
------------+-----------------------------------
          0 |    240,554       66.13       66.13
          1 |    123,199       33.87      100.00
------------+-----------------------------------
      Total |    363,753      100.00
(230,784 real changes made)
(315 real changes made)
(0 real changes made)
(already sorted)
(323,631 missing values generated)
(7042 real changes made)
(9528 real changes made)
file /export/scratch/cxu_sci_geo/movers/mover_temp_year_firstlast.dta saved
(60,667 missing values generated)
(60667 real changes made)
N = 19,189; 19,189 balanced groups of size 1

    Result                      Number of obs
    -----------------------------------------
    Not matched                             0
    Matched                            79,856  
    -----------------------------------------
(1 missing value generated)
(77,488 missing values generated)
(78,553 missing values generated)
(77,830 missing values generated)
(77,675 missing values generated)
(78,353 missing values generated)
(77,236 missing values generated)
(78,676 missing values generated)
(77,013 missing values generated)
(78,958 missing values generated)
(76,864 missing values generated)
(79,164 missing values generated)
(76,956 missing values generated)
(79,281 missing values generated)
(77,098 missing values generated)
(79,381 missing values generated)
(77,284 missing values generated)
(79,486 missing values generated)
(77,424 missing values generated)
(79,556 missing values generated)
(77,619 missing values generated)
(79,550 missing values generated)
(77,807 missing values generated)
(79,617 missing values generated)
(77,910 missing values generated)
(79,661 missing values generated)
(78,040 missing values generated)
(79,680 missing values generated)
(78,218 missing values generated)
(79,734 missing values generated)
(78,276 missing values generated)
(79,738 missing values generated)
(78,402 missing values generated)
(79,766 missing values generated)
(78,613 missing values generated)
(79,778 missing values generated)
(78,679 missing values generated)
(79,804 missing values generated)
(78,775 missing values generated)
(79,803 missing values generated)
(78,893 missing values generated)
lead1   lead5   lead9   lead13  lead17  lag1    lag5    lag9    lag13   lag17
lead2   lead6   lead10  lead14  lead18  lag2    lag6    lag10   lag14   lag18
lead3   lead7   lead11  lead15  lead19  lag3    lag7    lag11   lag15   lag19
lead4   lead8   lead12  lead16  lead20  lag4    lag8    lag12   lag16   lag20
(78,553 real changes made)
(1,303 real changes made)
(77,675 real changes made)
(2,181 real changes made)
(77,236 real changes made)
(2,620 real changes made)
(77,013 real changes made)
(2,843 real changes made)
(76,864 real changes made)
(2,992 real changes made)
(76,956 real changes made)
(2,900 real changes made)
(77,098 real changes made)
(2,758 real changes made)
(77,284 real changes made)
(2,572 real changes made)
(77,424 real changes made)
(2,432 real changes made)
(77,619 real changes made)
(2,237 real changes made)
(77,807 real changes made)
(2,049 real changes made)
(77,910 real changes made)
(1,946 real changes made)
(78,040 real changes made)
(1,816 real changes made)
(78,218 real changes made)
(1,638 real changes made)
(78,276 real changes made)
(1,580 real changes made)
(78,402 real changes made)
(1,454 real changes made)
(78,613 real changes made)
(1,243 real changes made)
(78,679 real changes made)
(1,177 real changes made)
(78,775 real changes made)
(1,081 real changes made)
(78,893 real changes made)
(963 real changes made)
(77,488 real changes made)
(2,368 real changes made)
(77,830 real changes made)
(2,026 real changes made)
(78,353 real changes made)
(1,503 real changes made)
(78,676 real changes made)
(1,180 real changes made)
(78,958 real changes made)
(898 real changes made)
(79,164 real changes made)
(692 real changes made)
(79,281 real changes made)
(575 real changes made)
(79,381 real changes made)
(475 real changes made)
(79,486 real changes made)
(370 real changes made)
(79,556 real changes made)
(300 real changes made)
(79,550 real changes made)
(306 real changes made)
(79,617 real changes made)
(239 real changes made)
(79,661 real changes made)
(195 real changes made)
(79,680 real changes made)
(176 real changes made)
(79,734 real changes made)
(122 real changes made)
(79,738 real changes made)
(118 real changes made)
(79,766 real changes made)
(90 real changes made)
(79,778 real changes made)
(78 real changes made)
(79,804 real changes made)
(52 real changes made)
(79,803 real changes made)
(53 real changes made)
(60,667 missing values generated)
(60,667 real changes made)
(dropped 1210 singleton observations)
(MWFE estimator converged in 21 iterations)
note: lead20 omitted because of collinearity

HDFE Linear regression                            Number of obs   =     69,580
Absorbing 6 HDFE groups                           F(  40,    196) =      20.43
Statistics robust to heteroskedasticity           Prob > F        =     0.0000
                                                  R-squared       =     0.6615
                                                  Adj R-squared   =     0.5307
                                                  Within R-sq.    =     0.0094
Number of clusters (msa)     =        197         Root MSE        =     1.5134

                                  (Std. err. adjusted for 197 clusters in msa)
------------------------------------------------------------------------------
             |               Robust
        ln_y | Coefficient  std. err.      t    P>|t|     [95% conf. interval]
-------------+----------------------------------------------------------------
       lag20 |   -.432407    .247815    -1.74   0.083    -.9211331    .0563191
       lag19 |  -.5121541   .2110407    -2.43   0.016    -.9283562    -.095952
       lag18 |  -.7143281   .3126761    -2.28   0.023    -1.330969   -.0976867
       lag17 |  -.3366285   .1797269    -1.87   0.063    -.6910754    .0178184
       lag16 |  -.8423236   .1892804    -4.45   0.000    -1.215611   -.4690359
       lag15 |  -.4412801   .1340567    -3.29   0.001    -.7056589   -.1769013
       lag14 |  -.4360812   .1454625    -3.00   0.003    -.7229538   -.1492086
       lag13 |   -.573895   .1491731    -3.85   0.000    -.8680854   -.2797046
       lag12 |    -.54586   .1243111    -4.39   0.000    -.7910191   -.3007009
       lag11 |  -.4789711   .1160028    -4.13   0.000     -.707745   -.2501971
       lag10 |  -.4085066   .1169192    -3.49   0.001    -.6390878   -.1779254
        lag9 |  -.3855523   .1225741    -3.15   0.002    -.6272857   -.1438188
        lag8 |  -.3368537   .1074492    -3.14   0.002    -.5487587   -.1249487
        lag7 |   -.294583   .0960158    -3.07   0.002    -.4839396   -.1052264
        lag6 |  -.3616968   .0760774    -4.75   0.000    -.5117322   -.2116613
        lag5 |  -.3984318    .080597    -4.94   0.000    -.5573804   -.2394832
        lag4 |  -.4740299   .0956079    -4.96   0.000    -.6625822   -.2854776
        lag3 |  -.3791695   .0575184    -6.59   0.000    -.4926038   -.2657351
        lag2 |  -.3988331   .0555078    -7.19   0.000    -.5083022   -.2893639
        lag1 |  -.3894925   .0622332    -6.26   0.000    -.5122251   -.2667599
       treat |  -.4862276   .0529359    -9.19   0.000    -.5906247   -.3818304
       lead1 |  -.1875289   .0783781    -2.39   0.018    -.3421017   -.0329562
       lead2 |  -.2495107   .0667249    -3.74   0.000    -.3811017   -.1179197
       lead3 |    -.19762   .0674719    -2.93   0.004    -.3306842   -.0645558
       lead4 |  -.1826537   .0624777    -2.92   0.004    -.3058685   -.0594389
       lead5 |  -.1908725   .0659233    -2.90   0.004    -.3208826   -.0608624
       lead6 |  -.1495879   .0662851    -2.26   0.025    -.2803114   -.0188643
       lead7 |  -.1601192   .0599179    -2.67   0.008    -.2782858   -.0419526
       lead8 |  -.1497129   .0647499    -2.31   0.022    -.2774088   -.0220169
       lead9 |  -.0817663   .0606594    -1.35   0.179    -.2013951    .0378626
      lead10 |  -.0514658   .0652247    -0.79   0.431    -.1800982    .0771665
      lead11 |  -.0488076   .0580532    -0.84   0.402    -.1632968    .0656816
      lead12 |  -.0410713   .0673067    -0.61   0.542    -.1738095     .091667
      lead13 |  -.0875016    .062936    -1.39   0.166    -.2116203    .0366171
      lead14 |  -.0079076   .0569974    -0.14   0.890    -.1203146    .1044993
      lead15 |   .0059334     .06475     0.09   0.927    -.1217628    .1336296
      lead16 |  -.0285311   .0648251    -0.44   0.660    -.1563752    .0993131
      lead17 |  -.0159724   .0628813    -0.25   0.800    -.1399833    .1080385
      lead18 |   .0407343   .0642307     0.63   0.527    -.0859378    .1674064
      lead19 |   .0185641   .0709287     0.26   0.794    -.1213174    .1584456
      lead20 |          0  (omitted)
       _cons |  -2.323209   .0225736  -102.92   0.000    -2.367727    -2.27869
------------------------------------------------------------------------------

Absorbed degrees of freedom:
------------------------------------------------------+
  Absorbed FE | Categories  - Redundant  = Num. Coefs |
--------------+---------------------------------------|
         year |        77           0          77     |
        field |         5           1           4     |
          msa |       197         197           0    *|
   field#year |       344          77         267    ?|
    field#msa |       698         698           0    *|
      athr_id |     18119           1       18118    ?|
------------------------------------------------------+
? = number of redundant parameters may be higher
* = FE nested within cluster; treated as redundant for DoF computation
(79,815 observations deleted)
(40 missing values generated)
(40 real changes made)
(1 observation deleted)

    Variable |        Obs        Mean    Std. dev.       Min        Max
-------------+---------------------------------------------------------
           b |         19   -.0711173    .1345411  -.4528311   .0949095

    Variable |        Obs        Mean    Std. dev.       Min        Max
-------------+---------------------------------------------------------
           b |         19    .2965768     .087209   .1399818   .4302268
(note:  named style none not found in class margin, default attributes used)
file ../output/figures/es1945_2023_year_firstlast.pdf saved as PDF format
(6,870 missing values generated)
(4100 real changes made)
(2,770 missing values generated)
N = 1,534; 1,534 balanced groups of size 1

    Result                      Number of obs
    -----------------------------------------
    Not matched                             0
    Matched                             5,634  
    -----------------------------------------
(1 missing value generated)
(5,386 missing values generated)
(5,445 missing values generated)
(5,441 missing values generated)
(5,336 missing values generated)
(5,500 missing values generated)
(5,304 missing values generated)
(5,521 missing values generated)
(5,282 missing values generated)
(5,557 missing values generated)
(5,306 missing values generated)
(5,578 missing values generated)
(5,350 missing values generated)
(5,587 missing values generated)
(5,391 missing values generated)
(5,593 missing values generated)
(5,454 missing values generated)
(5,606 missing values generated)
(5,460 missing values generated)
(5,607 missing values generated)
(5,518 missing values generated)
lead1   lead3   lead5   lead7   lead9   lag1    lag3    lag5    lag7    lag9
lead2   lead4   lead6   lead8   lead10  lag2    lag4    lag6    lag8    lag10
(5,445 real changes made)
(189 real changes made)
(5,336 real changes made)
(298 real changes made)
(5,304 real changes made)
(330 real changes made)
(5,282 real changes made)
(352 real changes made)
(5,306 real changes made)
(328 real changes made)
(5,350 real changes made)
(284 real changes made)
(5,391 real changes made)
(243 real changes made)
(5,454 real changes made)
(180 real changes made)
(5,460 real changes made)
(174 real changes made)
(5,518 real changes made)
(116 real changes made)
(5,386 real changes made)
(248 real changes made)
(5,441 real changes made)
(193 real changes made)
(5,500 real changes made)
(134 real changes made)
(5,521 real changes made)
(113 real changes made)
(5,557 real changes made)
(77 real changes made)
(5,578 real changes made)
(56 real changes made)
(5,587 real changes made)
(47 real changes made)
(5,593 real changes made)
(41 real changes made)
(5,606 real changes made)
(28 real changes made)
(5,607 real changes made)
(27 real changes made)
(4,100 missing values generated)
(4,100 real changes made)
(dropped 288 singleton observations)
(MWFE estimator converged in 24 iterations)
note: lead10 omitted because of collinearity

HDFE Linear regression                            Number of obs   =      4,704
Absorbing 6 HDFE groups                           F(  20,    104) =       3.25
Statistics robust to heteroskedasticity           Prob > F        =     0.0000
                                                  R-squared       =     0.7231
                                                  Adj R-squared   =     0.5525
                                                  Within R-sq.    =     0.0087
Number of clusters (msa)     =        105         Root MSE        =     1.2268

                                  (Std. err. adjusted for 105 clusters in msa)
------------------------------------------------------------------------------
             |               Robust
        ln_y | Coefficient  std. err.      t    P>|t|     [95% conf. interval]
-------------+----------------------------------------------------------------
       lag10 |  -.2472426   .3811443    -0.65   0.518    -1.003066    .5085809
        lag9 |  -.8908346   .3714494    -2.40   0.018    -1.627433   -.1542365
        lag8 |   .0542851   .3116876     0.17   0.862     -.563803    .6723732
        lag7 |  -.2412756   .3435879    -0.70   0.484    -.9226232    .4400721
        lag6 |  -.0613665   .2237587    -0.27   0.784    -.5050884    .3823553
        lag5 |  -.3242733    .302899    -1.07   0.287    -.9249334    .2763869
        lag4 |  -.3468894   .1948579    -1.78   0.078    -.7332998    .0395211
        lag3 |  -.2414571   .2262651    -1.07   0.288    -.6901493    .2072351
        lag2 |  -.2499674   .1581796    -1.58   0.117    -.5636434    .0637087
        lag1 |  -.2390236    .154298    -1.55   0.124    -.5450024    .0669551
       treat |  -.2111754   .1375921    -1.53   0.128    -.4840256    .0616748
       lead1 |  -.1223445    .154605    -0.79   0.431    -.4289321    .1842431
       lead2 |  -.1204132   .1282973    -0.94   0.350    -.3748316    .1340053
       lead3 |  -.1462562   .1326053    -1.10   0.273    -.4092176    .1167051
       lead4 |  -.1143951   .1601224    -0.71   0.477    -.4319238    .2031336
       lead5 |  -.0127587   .1553284    -0.08   0.935    -.3207808    .2952633
       lead6 |  -.0109956   .1504317    -0.07   0.942    -.3093073     .287316
       lead7 |  -.0720696   .1456205    -0.49   0.622    -.3608406    .2167014
       lead8 |   .0584265   .1717967     0.34   0.734    -.2822529    .3991059
       lead9 |   .0301636    .200807     0.15   0.881    -.3680442    .4283714
      lead10 |          0  (omitted)
       _cons |  -1.535222   .0734502   -20.90   0.000    -1.680877   -1.389568
------------------------------------------------------------------------------

Absorbed degrees of freedom:
------------------------------------------------------+
  Absorbed FE | Categories  - Redundant  = Num. Coefs |
--------------+---------------------------------------|
         year |        30           0          30     |
        field |         5           1           4     |
          msa |       105         105           0    *|
   field#year |        90          30          60    ?|
    field#msa |       202         202           0    *|
      athr_id |      1374           1        1373    ?|
------------------------------------------------------+
? = number of redundant parameters may be higher
* = FE nested within cluster; treated as redundant for DoF computation
(5,613 observations deleted)
(20 missing values generated)
(20 real changes made)
(1 observation deleted)

    Variable |        Obs        Mean    Std. dev.       Min        Max
-------------+---------------------------------------------------------
           b |          9    -.044201    .2607602   -.651811   .2933088

    Variable |        Obs        Mean    Std. dev.       Min        Max
-------------+---------------------------------------------------------
           b |          9    .1822856    .0748106   .0927674   .2974502
(note:  named style none not found in class margin, default attributes used)
file ../output/figures/es1945_1975_year_firstlast.pdf saved as PDF format
(13,676 missing values generated)
(8735 real changes made)
(4,941 missing values generated)
N = 2,995; 2,995 balanced groups of size 1

    Result                      Number of obs
    -----------------------------------------
    Not matched                             0
    Matched                            11,730  
    -----------------------------------------
(11,252 missing values generated)
(11,388 missing values generated)
(11,351 missing values generated)
(11,218 missing values generated)
(11,460 missing values generated)
(11,174 missing values generated)
(11,514 missing values generated)
(11,151 missing values generated)
(11,579 missing values generated)
(11,169 missing values generated)
(11,618 missing values generated)
(11,201 missing values generated)
(11,643 missing values generated)
(11,239 missing values generated)
(11,655 missing values generated)
(11,310 missing values generated)
(11,683 missing values generated)
(11,332 missing values generated)
(11,683 missing values generated)
(11,381 missing values generated)
lead1   lead3   lead5   lead7   lead9   lag1    lag3    lag5    lag7    lag9
lead2   lead4   lead6   lead8   lead10  lag2    lag4    lag6    lag8    lag10
(11,388 real changes made)
(342 real changes made)
(11,218 real changes made)
(512 real changes made)
(11,174 real changes made)
(556 real changes made)
(11,151 real changes made)
(579 real changes made)
(11,169 real changes made)
(561 real changes made)
(11,201 real changes made)
(529 real changes made)
(11,239 real changes made)
(491 real changes made)
(11,310 real changes made)
(420 real changes made)
(11,332 real changes made)
(398 real changes made)
(11,381 real changes made)
(349 real changes made)
(11,252 real changes made)
(478 real changes made)
(11,351 real changes made)
(379 real changes made)
(11,460 real changes made)
(270 real changes made)
(11,514 real changes made)
(216 real changes made)
(11,579 real changes made)
(151 real changes made)
(11,618 real changes made)
(112 real changes made)
(11,643 real changes made)
(87 real changes made)
(11,655 real changes made)
(75 real changes made)
(11,683 real changes made)
(47 real changes made)
(11,683 real changes made)
(47 real changes made)
(8,735 missing values generated)
(8,735 real changes made)
(dropped 441 singleton observations)
(MWFE estimator converged in 22 iterations)
note: lead10 omitted because of collinearity

HDFE Linear regression                            Number of obs   =      9,153
Absorbing 6 HDFE groups                           F(  20,    124) =       2.34
Statistics robust to heteroskedasticity           Prob > F        =     0.0024
                                                  R-squared       =     0.7278
                                                  Adj R-squared   =     0.5772
                                                  Within R-sq.    =     0.0051
Number of clusters (msa)     =        125         Root MSE        =     1.2653

                                  (Std. err. adjusted for 125 clusters in msa)
------------------------------------------------------------------------------
             |               Robust
        ln_y | Coefficient  std. err.      t    P>|t|     [95% conf. interval]
-------------+----------------------------------------------------------------
       lag10 |  -.2259175   .2064789    -1.09   0.276     -.634597    .1827621
        lag9 |  -.5792552   .2977271    -1.95   0.054    -1.168541    .0100301
        lag8 |  -.1480966   .2025465    -0.73   0.466    -.5489928    .2527997
        lag7 |  -.3173236   .2304887    -1.38   0.171    -.7735254    .1388781
        lag6 |  -.2764173   .1218307    -2.27   0.025    -.5175544   -.0352802
        lag5 |  -.3633228   .1293393    -2.81   0.006    -.6193214   -.1073241
        lag4 |  -.4288966   .1277607    -3.36   0.001    -.6817708   -.1760224
        lag3 |  -.1765554   .0961198    -1.84   0.069    -.3668034    .0136927
        lag2 |  -.1774708   .1218939    -1.46   0.148    -.4187329    .0637913
        lag1 |  -.3323186   .0973827    -3.41   0.001    -.5250662    -.139571
       treat |  -.2343033   .0951699    -2.46   0.015    -.4226712   -.0459355
       lead1 |  -.0837506   .1241014    -0.67   0.501    -.3293821    .1618808
       lead2 |   -.165235    .089723    -1.84   0.068    -.3428218    .0123519
       lead3 |  -.1402857   .0946933    -1.48   0.141    -.3277102    .0471387
       lead4 |  -.1421315   .1001121    -1.42   0.158    -.3402814    .0560184
       lead5 |  -.1327882   .1067387    -1.24   0.216     -.344054    .0784777
       lead6 |  -.0698253     .10162    -0.69   0.493    -.2709598    .1313092
       lead7 |  -.1768834   .1041444    -1.70   0.092    -.3830143    .0292475
       lead8 |  -.0402876   .1001665    -0.40   0.688    -.2385451      .15797
       lead9 |  -.0487913   .1277283    -0.38   0.703    -.3016014    .2040189
      lead10 |          0  (omitted)
       _cons |  -1.804414   .0464446   -38.85   0.000     -1.89634   -1.712487
------------------------------------------------------------------------------

Absorbed degrees of freedom:
------------------------------------------------------+
  Absorbed FE | Categories  - Redundant  = Num. Coefs |
--------------+---------------------------------------|
         year |        31           0          31     |
        field |         5           1           4     |
          msa |       125         125           0    *|
   field#year |       127          31          96    ?|
    field#msa |       322         322           0    *|
      athr_id |      2664           1        2663    ?|
------------------------------------------------------+
? = number of redundant parameters may be higher
* = FE nested within cluster; treated as redundant for DoF computation
(11,709 observations deleted)
(20 missing values generated)
(20 real changes made)
(1 observation deleted)

    Variable |        Obs        Mean    Std. dev.       Min        Max
-------------+---------------------------------------------------------
           b |          9     .033068    .1406563  -.2469366    .184222

    Variable |        Obs        Mean    Std. dev.       Min        Max
-------------+---------------------------------------------------------
           b |          9    .2212099    .0511023   .1554352    .292031
(note:  named style none not found in class margin, default attributes used)
file ../output/figures/es1955_1985_year_firstlast.pdf saved as PDF format
(22,675 missing values generated)
(14106 real changes made)
(8,569 missing values generated)
N = 4,701; 4,701 balanced groups of size 1

    Result                      Number of obs
    -----------------------------------------
    Not matched                             0
    Matched                            18,807  
    -----------------------------------------
(18,089 missing values generated)
(18,280 missing values generated)
(18,263 missing values generated)
(18,071 missing values generated)
(18,403 missing values generated)
(17,951 missing values generated)
(18,508 missing values generated)
(17,945 missing values generated)
(18,586 missing values generated)
(17,900 missing values generated)
(18,650 missing values generated)
(17,918 missing values generated)
(18,695 missing values generated)
(17,993 missing values generated)
(18,717 missing values generated)
(18,106 missing values generated)
(18,736 missing values generated)
(18,147 missing values generated)
(18,754 missing values generated)
(18,224 missing values generated)
lead1   lead3   lead5   lead7   lead9   lag1    lag3    lag5    lag7    lag9
lead2   lead4   lead6   lead8   lead10  lag2    lag4    lag6    lag8    lag10
(18,280 real changes made)
(527 real changes made)
(18,071 real changes made)
(736 real changes made)
(17,951 real changes made)
(856 real changes made)
(17,945 real changes made)
(862 real changes made)
(17,900 real changes made)
(907 real changes made)
(17,918 real changes made)
(889 real changes made)
(17,993 real changes made)
(814 real changes made)
(18,106 real changes made)
(701 real changes made)
(18,147 real changes made)
(660 real changes made)
(18,224 real changes made)
(583 real changes made)
(18,089 real changes made)
(718 real changes made)
(18,263 real changes made)
(544 real changes made)
(18,403 real changes made)
(404 real changes made)
(18,508 real changes made)
(299 real changes made)
(18,586 real changes made)
(221 real changes made)
(18,650 real changes made)
(157 real changes made)
(18,695 real changes made)
(112 real changes made)
(18,717 real changes made)
(90 real changes made)
(18,736 real changes made)
(71 real changes made)
(18,754 real changes made)
(53 real changes made)
(14,106 missing values generated)
(14,106 real changes made)
(dropped 695 singleton observations)
(MWFE estimator converged in 24 iterations)
note: lead10 omitted because of collinearity

HDFE Linear regression                            Number of obs   =     14,210
Absorbing 6 HDFE groups                           F(  20,    123) =       4.33
Statistics robust to heteroskedasticity           Prob > F        =     0.0000
                                                  R-squared       =     0.7090
                                                  Adj R-squared   =     0.5609
                                                  Within R-sq.    =     0.0053
Number of clusters (msa)     =        124         Root MSE        =     1.3361

                                  (Std. err. adjusted for 124 clusters in msa)
------------------------------------------------------------------------------
             |               Robust
        ln_y | Coefficient  std. err.      t    P>|t|     [95% conf. interval]
-------------+----------------------------------------------------------------
       lag10 |   -.344295   .2441989    -1.41   0.161    -.8276718    .1390818
        lag9 |  -.6753097   .3196139    -2.11   0.037    -1.307966   -.0426535
        lag8 |  -.0277794   .1968388    -0.14   0.888    -.4174097    .3618509
        lag7 |  -.3670437   .1858328    -1.98   0.050    -.7348882    .0008009
        lag6 |  -.2331924    .115856    -2.01   0.046    -.4625222   -.0038626
        lag5 |  -.4387916   .0947275    -4.63   0.000    -.6262989   -.2512843
        lag4 |  -.4398956   .1091385    -4.03   0.000    -.6559286   -.2238626
        lag3 |  -.2102833   .0890485    -2.36   0.020    -.3865494   -.0340172
        lag2 |  -.2702888   .0987735    -2.74   0.007    -.4658049   -.0747727
        lag1 |  -.3094995   .0745883    -4.15   0.000    -.4571426   -.1618565
       treat |  -.3173911   .0664544    -4.78   0.000    -.4489334   -.1858488
       lead1 |   -.152795   .0879013    -1.74   0.085    -.3267902    .0212003
       lead2 |  -.1804037    .072861    -2.48   0.015    -.3246276   -.0361799
       lead3 |  -.1351999   .0675868    -2.00   0.048    -.2689837   -.0014161
       lead4 |  -.1405905   .0787567    -1.79   0.077    -.2964846    .0153035
       lead5 |  -.2331754   .0842262    -2.77   0.007     -.399896   -.0664547
       lead6 |  -.1704743   .0681141    -2.50   0.014    -.3053021   -.0356465
       lead7 |  -.1098349   .0816798    -1.34   0.181    -.2715151    .0518452
       lead8 |  -.0341529    .075955    -0.45   0.654    -.1845011    .1161953
       lead9 |  -.0799388   .0814138    -0.98   0.328    -.2410925    .0812148
      lead10 |          0  (omitted)
       _cons |  -2.266397   .0223362  -101.47   0.000     -2.31061   -2.222184
------------------------------------------------------------------------------

Absorbed degrees of freedom:
------------------------------------------------------+
  Absorbed FE | Categories  - Redundant  = Num. Coefs |
--------------+---------------------------------------|
         year |        31           0          31     |
        field |         5           1           4     |
          msa |       124         124           0    *|
   field#year |       135          31         104    ?|
    field#msa |       385         385           0    *|
      athr_id |      4126           1        4125    ?|
------------------------------------------------------+
? = number of redundant parameters may be higher
* = FE nested within cluster; treated as redundant for DoF computation
(18,786 observations deleted)
(20 missing values generated)
(20 real changes made)
(1 observation deleted)

    Variable |        Obs        Mean    Std. dev.       Min        Max
-------------+---------------------------------------------------------
           b |          9   -.0245982    .1813779  -.3658102   .2817202

    Variable |        Obs        Mean    Std. dev.       Min        Max
-------------+---------------------------------------------------------
           b |          9    .1721034    .0581912   .0763242   .2753466
(note:  named style none not found in class margin, default attributes used)
file ../output/figures/es1965_1995_year_firstlast.pdf saved as PDF format
(34,222 missing values generated)
(20221 real changes made)
(14,001 missing values generated)
N = 6,759; 6,759 balanced groups of size 1

    Result                      Number of obs
    -----------------------------------------
    Not matched                             0
    Matched                            26,980  
    -----------------------------------------
(26,004 missing values generated)
(26,328 missing values generated)
(26,153 missing values generated)
(25,912 missing values generated)
(26,399 missing values generated)
(25,749 missing values generated)
(26,512 missing values generated)
(25,743 missing values generated)
(26,634 missing values generated)
(25,700 missing values generated)
(26,741 missing values generated)
(25,790 missing values generated)
(26,785 missing values generated)
(25,912 missing values generated)
(26,825 missing values generated)
(26,039 missing values generated)
(26,860 missing values generated)
(26,077 missing values generated)
(26,904 missing values generated)
(26,214 missing values generated)
lead1   lead3   lead5   lead7   lead9   lag1    lag3    lag5    lag7    lag9
lead2   lead4   lead6   lead8   lead10  lag2    lag4    lag6    lag8    lag10
(26,328 real changes made)
(652 real changes made)
(25,912 real changes made)
(1,068 real changes made)
(25,749 real changes made)
(1,231 real changes made)
(25,743 real changes made)
(1,237 real changes made)
(25,700 real changes made)
(1,280 real changes made)
(25,790 real changes made)
(1,190 real changes made)
(25,912 real changes made)
(1,068 real changes made)
(26,039 real changes made)
(941 real changes made)
(26,077 real changes made)
(903 real changes made)
(26,214 real changes made)
(766 real changes made)
(26,004 real changes made)
(976 real changes made)
(26,153 real changes made)
(827 real changes made)
(26,399 real changes made)
(581 real changes made)
(26,512 real changes made)
(468 real changes made)
(26,634 real changes made)
(346 real changes made)
(26,741 real changes made)
(239 real changes made)
(26,785 real changes made)
(195 real changes made)
(26,825 real changes made)
(155 real changes made)
(26,860 real changes made)
(120 real changes made)
(26,904 real changes made)
(76 real changes made)
(20,221 missing values generated)
(20,221 real changes made)
(dropped 944 singleton observations)
(MWFE estimator converged in 22 iterations)
note: lead10 omitted because of collinearity

HDFE Linear regression                            Number of obs   =     20,134
Absorbing 6 HDFE groups                           F(  20,    142) =       8.24
Statistics robust to heteroskedasticity           Prob > F        =     0.0000
                                                  R-squared       =     0.7010
                                                  Adj R-squared   =     0.5519
                                                  Within R-sq.    =     0.0051
Number of clusters (msa)     =        143         Root MSE        =     1.4003

                                  (Std. err. adjusted for 143 clusters in msa)
------------------------------------------------------------------------------
             |               Robust
        ln_y | Coefficient  std. err.      t    P>|t|     [95% conf. interval]
-------------+----------------------------------------------------------------
       lag10 |  -.0490045   .2215319    -0.22   0.825    -.4869312    .3889223
        lag9 |   -.350998    .229727    -1.53   0.129    -.8051248    .1031288
        lag8 |  -.2606699   .1881659    -1.39   0.168    -.6326383    .1112985
        lag7 |  -.1048106    .148457    -0.71   0.481    -.3982819    .1886608
        lag6 |  -.4587914   .1589544    -2.89   0.005    -.7730142   -.1445686
        lag5 |  -.4271158   .1008315    -4.24   0.000    -.6264406   -.2277909
        lag4 |  -.3857988   .1054906    -3.66   0.000    -.5943339   -.1772638
        lag3 |  -.2042917   .0791794    -2.58   0.011    -.3608145    -.047769
        lag2 |  -.3254946   .0971916    -3.35   0.001     -.517624   -.1333652
        lag1 |   -.279558   .0770837    -3.63   0.000    -.4319379    -.127178
       treat |   -.358917   .0702303    -5.11   0.000    -.4977491   -.2200849
       lead1 |  -.1821325   .0831133    -2.19   0.030    -.3464317   -.0178332
       lead2 |   -.199308   .0742995    -2.68   0.008     -.346184    -.052432
       lead3 |  -.2249422   .0696597    -3.23   0.002    -.3626462   -.0872382
       lead4 |  -.1471911   .0741387    -1.99   0.049    -.2937494   -.0006328
       lead5 |  -.2307475   .0750351    -3.08   0.003    -.3790776   -.0824174
       lead6 |  -.1971137    .076982    -2.56   0.011    -.3492926   -.0449349
       lead7 |  -.0880357   .0677714    -1.30   0.196     -.222007    .0459355
       lead8 |  -.1554068   .0826455    -1.88   0.062    -.3187814    .0079678
       lead9 |  -.0200692   .0932325    -0.22   0.830    -.2043723    .1642339
      lead10 |          0  (omitted)
       _cons |   -2.38841   .0203966  -117.10   0.000     -2.42873   -2.348089
------------------------------------------------------------------------------

Absorbed degrees of freedom:
------------------------------------------------------+
  Absorbed FE | Categories  - Redundant  = Num. Coefs |
--------------+---------------------------------------|
         year |        31           0          31     |
        field |         5           1           4     |
          msa |       143         143           0    *|
   field#year |       146          31         115    ?|
    field#msa |       476         476           0    *|
      athr_id |      5913           1        5912    ?|
------------------------------------------------------+
? = number of redundant parameters may be higher
* = FE nested within cluster; treated as redundant for DoF computation
(26,959 observations deleted)
(20 missing values generated)
(20 real changes made)
(1 observation deleted)

    Variable |        Obs        Mean    Std. dev.       Min        Max
-------------+---------------------------------------------------------
           b |          9   -.0056615    .1422251  -.1792334   .2305535

    Variable |        Obs        Mean    Std. dev.       Min        Max
-------------+---------------------------------------------------------
           b |          9    .1190084    .0685356   .0488105   .2594888
(note:  named style none not found in class margin, default attributes used)
file ../output/figures/es1975_2005_year_firstlast.pdf saved as PDF format
(49,583 missing values generated)
(38776 real changes made)
(10,807 missing values generated)
N = 14,178; 14,178 balanced groups of size 1

    Result                      Number of obs
    -----------------------------------------
    Not matched                             0
    Matched                            52,954  
    -----------------------------------------
(51,317 missing values generated)
(51,999 missing values generated)
(51,542 missing values generated)
(51,325 missing values generated)
(51,920 missing values generated)
(50,974 missing values generated)
(52,181 missing values generated)
(50,844 missing values generated)
(52,370 missing values generated)
(50,694 missing values generated)
(52,505 missing values generated)
(50,819 missing values generated)
(52,586 missing values generated)
(50,959 missing values generated)
(52,666 missing values generated)
(51,077 missing values generated)
(52,741 missing values generated)
(51,227 missing values generated)
(52,791 missing values generated)
(51,377 missing values generated)
lead1   lead3   lead5   lead7   lead9   lag1    lag3    lag5    lag7    lag9
lead2   lead4   lead6   lead8   lead10  lag2    lag4    lag6    lag8    lag10
(51,999 real changes made)
(955 real changes made)
(51,325 real changes made)
(1,629 real changes made)
(50,974 real changes made)
(1,980 real changes made)
(50,844 real changes made)
(2,110 real changes made)
(50,694 real changes made)
(2,260 real changes made)
(50,819 real changes made)
(2,135 real changes made)
(50,959 real changes made)
(1,995 real changes made)
(51,077 real changes made)
(1,877 real changes made)
(51,227 real changes made)
(1,727 real changes made)
(51,377 real changes made)
(1,577 real changes made)
(51,317 real changes made)
(1,637 real changes made)
(51,542 real changes made)
(1,412 real changes made)
(51,920 real changes made)
(1,034 real changes made)
(52,181 real changes made)
(773 real changes made)
(52,370 real changes made)
(584 real changes made)
(52,505 real changes made)
(449 real changes made)
(52,586 real changes made)
(368 real changes made)
(52,666 real changes made)
(288 real changes made)
(52,741 real changes made)
(213 real changes made)
(52,791 real changes made)
(163 real changes made)
(38,776 missing values generated)
(38,776 real changes made)
(dropped 2604 singleton observations)
(MWFE estimator converged in 23 iterations)
note: lead10 omitted because of collinearity

HDFE Linear regression                            Number of obs   =     36,740
Absorbing 6 HDFE groups                           F(  20,    174) =      16.86
Statistics robust to heteroskedasticity           Prob > F        =     0.0000
                                                  R-squared       =     0.7015
                                                  Adj R-squared   =     0.5434
                                                  Within R-sq.    =     0.0070
Number of clusters (msa)     =        175         Root MSE        =     1.5246

                                  (Std. err. adjusted for 175 clusters in msa)
------------------------------------------------------------------------------
             |               Robust
        ln_y | Coefficient  std. err.      t    P>|t|     [95% conf. interval]
-------------+----------------------------------------------------------------
       lag10 |  -.5221722   .1440086    -3.63   0.000    -.8064007   -.2379438
        lag9 |  -.3254565   .1440537    -2.26   0.025    -.6097741   -.0411389
        lag8 |  -.4417055   .1043119    -4.23   0.000     -.647585   -.2358259
        lag7 |  -.2779636   .0890585    -3.12   0.002    -.4537376   -.1021897
        lag6 |  -.4428447   .0890225    -4.97   0.000    -.6185477   -.2671418
        lag5 |  -.3604108   .0818318    -4.40   0.000    -.5219215   -.1989001
        lag4 |  -.4731315   .1015256    -4.66   0.000    -.6735118   -.2727513
        lag3 |  -.3894282   .0794651    -4.90   0.000    -.5462678   -.2325886
        lag2 |  -.4458727   .0753652    -5.92   0.000    -.5946203   -.2971252
        lag1 |  -.3971002   .0720257    -5.51   0.000    -.5392566   -.2549438
       treat |  -.4669596   .0569245    -8.20   0.000     -.579311   -.3546081
       lead1 |  -.2175098   .0878866    -2.47   0.014    -.3909708   -.0440488
       lead2 |  -.2477312   .0776227    -3.19   0.002    -.4009345   -.0945278
       lead3 |  -.1815763   .0621541    -2.92   0.004    -.3042494   -.0589032
       lead4 |  -.1383029   .0740603    -1.87   0.064     -.284475    .0078693
       lead5 |   -.135124   .0585239    -2.31   0.022    -.2506322   -.0196158
       lead6 |  -.1160003   .0743586    -1.56   0.121    -.2627612    .0307606
       lead7 |   -.107843   .0671857    -1.61   0.110    -.2404468    .0247609
       lead8 |  -.1098102   .0589289    -1.86   0.064    -.2261176    .0064972
       lead9 |   .0127913   .0740084     0.17   0.863    -.1332786    .1588611
      lead10 |          0  (omitted)
       _cons |  -2.454051   .0135906  -180.57   0.000    -2.480875   -2.427228
------------------------------------------------------------------------------

Absorbed degrees of freedom:
------------------------------------------------------+
  Absorbed FE | Categories  - Redundant  = Num. Coefs |
--------------+---------------------------------------|
         year |        38           0          38     |
        field |         5           1           4     |
          msa |       175         175           0    *|
   field#year |       187          38         149    ?|
    field#msa |       641         641           0    *|
      athr_id |     11695           1       11694    ?|
------------------------------------------------------+
? = number of redundant parameters may be higher
* = FE nested within cluster; treated as redundant for DoF computation
(52,933 observations deleted)
(20 missing values generated)
(20 real changes made)
(1 observation deleted)

    Variable |        Obs        Mean    Std. dev.       Min        Max
-------------+---------------------------------------------------------
           b |          9    -.011676    .0769651   -.125072   .1191366

    Variable |        Obs        Mean    Std. dev.       Min        Max
-------------+---------------------------------------------------------
           b |          9    .2591995    .0751632    .149369   .4098915
(note:  named style none not found in class margin, default attributes used)
file ../output/figures/es1985_2023_year_firstlast.pdf saved as PDF format

. 
end of do-file

--------------------------------------------------------------------------------
Makelog ended: 2023-12-17 13:14:37
Working directory: /export/home/dor/cxu/innovation_projs/analysis/science_geo/mover_analysis/code
--------------------------------------------------------------------------------
