--------------------------------------------------------------------------------
Makelog started: 2024-01-02 00:23:39
Working directory: /export/home/dor/cxu/innovation_projs/analysis/science_geo/cns_descriptives/code
--------------------------------------------------------------------------------
External links successfully created!

  ___  ____  ____  ____  ____ ®
 /__    /   ____/   /   ____/      17.0
___/   /   /___/   /   /___/       MP—Parallel Edition

 Statistics and Data Science       Copyright 1985-2021 StataCorp LLC
                                   StataCorp
                                   4905 Lakeway Drive
                                   College Station, Texas 77845 USA
                                   800-STATA-PC        https://www.stata.com
                                   979-696-4600        stata@stata.com

Stata license: Unlimited-user 4-core network, expiring 17 Nov 2024
Serial number: 501809301897
  Licensed to: Harvard Business School
               Research Computing

Notes:
      1. Stata is running in batch mode.
      2. Unicode is supported; see help unicode_advice.
      3. More than 2 billion observations are allowed; see help obs_advice.
      4. Maximum number of variables is set to 120,000; see help set_maxvar.

. do "/export/home/dor/cxu/innovation_projs/analysis/science_geo/cns_descriptiv
> es/code/analysis.do" 

. set more off

. clear all

. capture log close

. program drop _all

. set scheme modern

. graph set window fontface "Arial Narrow"
not available in non-GUI version

. pause on

. set seed 8975

. here, set
/export/home/dor/cxu/innovation_projs/analysis/science_geo/cns_descriptives/cod
> e/

. 
. program main
  1.     global country_name "countries"
  2.     global us_state_name "US states"
  3.     global area_name "US cities"
  4.     global city_full_name "cities"
  5.     global inst_name "institutions"
  6.     global msatitle_name "MSAs"
  7.     global msa_comb_name "MSAs"
  8.     global msa_world_name "cities"
  9.     global msa_c_world_name "cities"
 10.     di "OUTPUT START"
 11.     foreach var in impact_cite_affl_wt body_adj_wt {
 12.         di "CNS: `var'"
 13.         athr_loc, data(newfund) samp(cns) wt_var(`var')
 14.         qui trends, data(newfund) samp(cns) wt_var(`var')
 15.         di "ALL: `var'"
 16.         athr_loc, data(all) samp(jrnls) wt_var(`var')
 17.         qui trends, data(all) samp(jrnls) wt_var(`var')
 18.     }
 19.     *calc_broad_hhmi, data(`data') samp(`samp') 
.     top_mesh_terms, data(all) samp(jrnls) 
 20.     qui output_tables, data(newfund) samp(cns) 
 21.     qui output_tables, data(all) samp(jrnls) 
 22. end

. 
. program athr_loc
  1.     syntax, data(str) samp(str)  wt_var(str)
  2.     local suf = ""
  3.     if "`wt_var'" == "cite_affl_wt" local suf "_wt"
  4.     if "`wt_var'" == "impact_affl_wt" local suf "_if"
  5.     if "`wt_var'" == "impact_cite_affl_wt" local suf "_if_wt"
  6.     if "`wt_var'" == "pat_adj_wt" local suf "_pat"
  7.     if "`wt_var'" == "frnt_adj_wt" local suf "_frnt"
  8.     if "`wt_var'" == "body_adj_wt" local suf "_body"
  9.     use ../external/openalex/cleaned_last5yrs_`data'_`samp', clear 
 10.     replace inst = "Mass General Brigham" if inlist(inst, "Massachusetts G
> eneral Hospital" , "Brigham and Women's Hospital")
 11.     local end 20
 12.     foreach loc in country msa_c_world inst {
 13.         if "`loc'" == "inst" & ("`wt_var'" != "pat_adj_wt" & "`wt_var'" !=
>  "body_adj_wt") {
 14.             local end 50
 15.         }
 16.         qui gunique pmid 
 17.         local articles = r(unique)
 18.         qui sum `wt_var'
 19.         local total = round(r(sum))
 20.         assert `total' == `articles'
 21.         qui sum `wt_var' if !mi(`loc') 
 22.         local denom = r(sum) 
 23.         preserve
 24.         if inlist("`loc'", "us_state", "area", "msatitle", "msa_comb") {
 25.             qui keep if country == "United States"
 26.         }
 27.         collapse (sum) `wt_var', by(`loc')
 28.         qui hashsort -`wt_var' 
 29.         qui gen perc = `wt_var' / `total' * 100
 30.         li if mi(`loc')
 31.         qui drop if mi(`loc')
 32.         qui gen cum_perc = sum(perc) 
 33.         gen rank = _n 
 34.         save ../temp/rankings_`loc'`suf', replace
 35.         drop rank
 36.         qui count
 37.         local rank_end = min(r(N),`end') 
 38.         li `loc' perc in 1/`rank_end'
 39.         di "Total articles: `total'"
 40.         mkmat perc cum_perc in 1/`rank_end', mat(top_`loc'_`samp'`suf')
 41. *        mat top_`loc'_`data'_`samp' = nullmat(top_`loc'_`data'_`samp') , 
> (top_`loc'_`samp'`suf')
.         qui levelsof `loc' in 1/2
 42.         global top2_`loc'_`data' "`r(levels)'"
 43.         if inlist("`loc'", "inst", "city_full", "msatitle","msa_comb", "ms
> aworld", "msa_c_world") {
 44.             qui levelsof `loc' in 1/`rank_end'
 45.             global `loc'_`data' "`r(levels)'"
 46.         }
 47.         qui gen rank_grp = "first" if _n == 1
 48.         replace `loc' = "harvard university" if `loc' == "university harva
> rd"
 49.         replace `loc' = "stanford university" if `loc' == "university stan
> ford"
 50.         qui levelsof `loc' if _n == 1 
 51.         global `loc'_first "`r(levels)'"
 52.         qui levelsof `loc' if _n == 2
 53. 
.         global `loc'_second "`r(levels)'"
 54.         qui replace rank_grp = "second" if _n == 2
 55.         qui replace rank_grp = "china" if `loc' == "China"
 56.         qui replace rank_grp = "uk" if `loc' == "United Kingdom"
 57.         qui replace rank_grp = "rest of top 10" if inrange(_n,3,10) & !inl
> ist(rank_grp,"china", "uk")
 58.         qui replace rank_grp = "remaining" if mi(rank_grp)
 59.         keep `loc' rank_grp
 60.         qui save ../temp/`loc'_rank_`data'_`samp'`suf', replace
 61.         restore
 62.     }
 63. end

. 
. program calc_broad_hhmi
  1.    syntax, data(str) samp(str) 
  2.    use if inrange(year, 1945, 2022) using ../external/openalex/cleaned_las
> t5yrs_`data'_`samp', clear
  3.    replace inst = "Mass General Brigham" if inlist(inst, "Massachusetts Ge
> neral Hospital" , "Brigham and Women's Hospital")
  4.    qui gunique pmid which_athr
  5.    local num_athrs = r(unique)
  6.    qui gunique pmid which_athr if country == "United States"
  7.    local num_athrs_US = r(unique)
  8.    foreach i in broad hhmi {
  9.        qui gunique pmid which_athr if has_`i'_affl == 1
 10.        local num_`i' = r(unique)
 11.        di `num_`i'' " authors of " `num_athrs' " are " "`i' affiliated or 
> " `num_`i''/`num_athrs'*100 " percent"
 12.        qui gunique pmid which_athr if has_`i'_affl == 1 & country == "Unit
> ed States"
 13.        local num_`i'_US = r(unique)
 14.        di `num_`i'_US' " US authors of " `num_athrs_US' " are " "`i' affil
> iated or " `num_`i'_US'/`num_athrs_US'*100 " percent"
 15.        // hhmi has to be us
.        preserve
 16.        keep if country == "United States"
 17.        qui gunique pmid which_athr if has_`i'_affl == 1 & inst == "Stanfor
> d University" 
 18.        local num_`i'_stanford = r(unique)
 19.        di `num_`i'_stanford' " stanford authors of " `num_`i'_US' " are " 
> "`i' affiliated or " `num_`i'_stanford'/`num_`i'_US'*100 " percent"
 20.        qui gunique pmid which_athr if has_`i'_affl == 1 & inst == "Harvard
>  University" 
 21.        local num_`i'_harvard = r(unique)
 22.        di `num_`i'_harvard' " harvard authors of " `num_`i'_US' " are " "`
> i' affiliated or " `num_`i'_harvard'/`num_`i'_US'*100 " percent"
 23.        restore
 24.        if "`i'" == "broad" {
 25.            qui count if  inlist(inst, "Harvard University", "Massachusetts
>  Institute of Technology", "Boston Children's Hospital", "Dana Farber Cancer 
> Institute", "Massachusetts General Hospital", "Brigham and Women's Hospital",
>  "Beth Israel Deaconess Medical Center")
 26.            if r(N) > 0 {
 27.                preserve
 28.                keep if inlist(inst, "Harvard University", "Massachusetts I
> nstitute of Technology", "Boston Children's Hospital", "Dana Farber Cancer In
> stitute", "Massachusetts General Hospital", "Brigham and Women's Hospital", "
> Beth Israel Deaconess Medical Center")
 29.                qui gunique pmid which_athr if has_`i'_affl == 1 
 30.                local num_athrs_broad = r(unique)
 31.                qui gunique pmid which_athr if has_`i'_affl == 1 & inst == 
> "Harvard University" 
 32.                local num_`i'_harvard = r(unique)
 33.                di `num_`i'_harvard' " harvard authors of " `num_athrs_broa
> d' " are " "`i' affiliated or " `num_`i'_harvard'/`num_athrs_broad'*100 " per
> cent"
 34.                qui gunique pmid which_athr if has_`i'_affl == 1 & inst == 
> "Massachusetts Institute of Technology" 
 35.                local num_`i'_mit= r(unique)
 36.                di `num_`i'_mit' " mit authors of " `num_athrs_broad' " are
>  " "`i' affiliated or " `num_`i'_mit'/`num_athrs_broad'*100 " percent"
 37.                restore 
 38.            }
 39.         }
 40.     }
 41. end

. 
. program trends
  1.     syntax, data(str) samp(str)  wt_var(str)
  2.     local suf = ""
  3.     if "`wt_var'" == "cite_affl_wt" local suf "_wt"
  4.     if "`wt_var'" == "impact_affl_wt" local suf "_if"
  5.     if "`wt_var'" == "impact_cite_affl_wt" local suf "_if_wt"
  6.     if "`wt_var'" == "pat_adj_wt" local suf "_pat"
  7.     if "`wt_var'" == "frnt_adj_wt" local suf "_frnt"
  8.     if "`wt_var'" == "body_adj_wt" local suf "_body"
  9.     use if inrange(year, 1945, 2022)  using ../external/openalex/cleaned_a
> ll_`data'_`samp', clear
 10.     replace inst = "Mass General Brigham" if inlist(inst, "Massachusetts G
> eneral Hospital" , "Brigham and Women's Hospital")
 11.     cap drop counter
 12. 
.     gen msa_world = msatitle
 13.     replace msa_world = city if country != "United States"
 14.     qui bys pmid year: gen counter = _n == 1
 15.     qui bys year: egen tot_in_yr = total(counter)
 16.     foreach loc in country  msa_c_world inst {
 17.         preserve
 18.         if inlist("`loc'", "us_state", "area", "msatitle", "msa_comb") {
 19.             qui keep if country == "United States"
 20.         }
 21.         replace `loc' = "harvard university" if `loc' == "university harva
> rd"
 22.         replace `loc' = "stanford university" if `loc' == "university stan
> ford"
 23.         qui merge m:1 `loc' using ../temp/`loc'_rank_`data'_`samp'`suf', a
> ssert(1 3) keep(1 3) nogen
 24.         if "`loc'" == "inst" {
 25.             replace `loc' = strproper(`loc')
 26.         }
 27.         qui sum year
 28.         local min_year = max(1945,r(min))
 29.         qui egen year_bin  = cut(year), at(1945(3)2023) 
 30.         keep if !mi(`loc')
 31.         local year_var year_bin
 32.         
.         /*qui bys pmid `year_var': replace counter = _n == 1
>         qui bys `year_var': egen tot_in_`year_var' = total(counter)
>         qui replace rank_grp = "remaining" if mi(rank_grp)
>         bys pmid: replace cite_count = . if _n !=1 
>         qui bys `year_var': egen tot_cites_in_`year_var' = total(cite_count)
>         replace cite_wt = cite_count/ tot_cites_in_`year_var' * tot_in_`year_
> var'
>         replace impact_wt = impact_wt * jrnl_N / tot_in_`year_var' 
>         hashsort pmid cite_wt
>         qui by pmid: replace cite_wt = cite_wt[_n-1] if mi(cite_wt)
>         replace cite_affl_wt = affl_wt * cite_wt 
>         replace impact_affl_wt = impact_wt * affl_wt*/
. 
.         collapse (sum) `wt_var'  (firstnm) `loc'  , by(rank_grp `year_var')
 33.         bys `year_var': egen tot_in_`year_var' = total(`wt_var')
 34.         qui gen perc = `wt_var'/tot_in_`year_var' * 100
 35.         qui bys `year_var': egen tot = sum(perc)
 36.         save ../temp/trends_`loc'`suf', replace
 37.         qui replace tot = round(tot)
 38.         assert tot==100
 39.         qui drop tot
 40.         if "`loc'" == "city_full" | "`loc'" == "msatitle" | "`loc'" == "ms
> a_world" |  "`loc'" == "msa_c_world" | "`loc'" == "msa_comb" {
 41.             label define rank_grp 1 ${`loc'_first} 2 ${`loc'_second} 3 "Re
> maining top 10" 4 "Remaining places" 
 42.         }
 43.         if "`loc'" == "inst" {
 44.             local proper_1 = strproper(${`loc'_first})
 45.             local proper_2 = strproper(${`loc'_second})
 46.             label define rank_grp 1 "`proper_1'" 2 "`proper_2'" 3 "Remaini
> ng top 10" 4 "Remaining places" 
 47.         }
 48.         if "`loc'" == "country" {
 49.             label define rank_grp 1 ${`loc'_first} 2 "United Kingdom" 3 "C
> hina" 4 "Remaining top 10" 5 "Remaining places" 
 50.         }
 51.         label var rank_grp rank_grp
 52.         qui gen group = 1 if rank_grp == "first"
 53.         qui replace group = 2 if rank_grp == "second"  & "`loc'"!= "countr
> y"
 54.         qui replace group = 2 if rank_grp == "uk" & "`loc'" == "country"
 55.         qui replace group = 3 if rank_grp == "china" & "`loc'" == "country
> "
 56.         local last = 2
 57.         if "`loc'" == "country" local last = 3 
 58.         qui replace group = `last'+1 if rank_grp == "rest of top 10" 
 59.         qui replace group = `last'+2 if rank_grp == "remaining"
 60.         *qui replace group = `last'+3 if rank_grp == "missing"
.         qui hashsort `year_var' -group
 61.         qui bys `year_var': gen stack_perc = sum(perc)
 62.         keep rank_grp `year_var' `loc' perc group stack_perc
 63.         local stacklines
 64.         qui xtset group `year_var' 
 65.         qui sum group 
 66.         local max_grp = r(max)
 67.         qui levelsof group, local(rank_grps)
 68.         local items = `r(r)'
 69.         foreach x of local rank_grps {
 70.            colorpalette carto Teal, intensify(0.85)  n(`items') nograph
 71.            local stacklines `stacklines' area stack_perc `year_var' if gro
> up == `x', fcolor("`r(p`x')'") lcolor(white) lwidth(*0.3) || 
 72. /*           if `x' == `max_grp' {
>                local stacklines `stacklines' area stack_perc `year_var' if gr
> oup == `x', fcolor("dimgray") lcolor(black) lwidth(*0.2) || 
>            }*/
.         }
 73.         qui gen labely = . 
 74.         qui gen rev_group = -group
 75.         if "`loc'"=="country" {
 76.             qui bys `year_var' (rev_group): replace labely = perc/2 if gro
> up == 5
 77.             qui bys `year_var' (rev_group): replace labely = perc/2 + perc
> [_n-1] if group == 4
 78.             qui bys `year_var' (rev_group): replace labely = perc/2 + perc
> [_n-1] + perc[_n-2] if group == 3
 79.             qui bys `year_var' (rev_group): replace labely = perc/2 + perc
> [_n-1] + perc[_n-2] + perc[_n-3] if group == 2
 80.             qui bys `year_var' (rev_group): replace labely = perc/2 + perc
> [_n-1] + perc[_n-2] + perc[_n-3] + perc[_n-4] if group == 1
 81.         }
 82.         if "`loc'"!="country" {
 83.             qui bys `year_var' (rev_group): replace labely = perc/2 if gro
> up == 4
 84.             qui bys `year_var' (rev_group): replace labely = perc/2 + perc
> [_n-1] if group == 3
 85.             qui bys `year_var' (rev_group): replace labely = perc/2 + perc
> [_n-1] + perc[_n-2] if group == 2
 86.             qui bys `year_var' (rev_group): replace labely = perc/2 + perc
> [_n-1] + perc[_n-2] + perc[_n-3] if group == 1
 87.         }
 88. *        qui gen labely_lab = "Missing Info" if group == `last'+3
.         qui gen labely_lab = "Everywhere else" if group == `last'+2
 89.         qui replace labely_lab = "Remaining top 10" if group == `last'+1
 90.         qui replace labely_lab = "China" if group == 3 & "`loc'"=="country
> "
 91.         qui replace labely_lab = ${`loc'_second} if group == 2
 92.         qui replace labely_lab = ${`loc'_second} if group == 2
 93.         qui replace labely_lab = ${`loc'_first} if group == 1
 94.         qui replace labely_lab = "United Kingdom" if group == 2 & "`loc'"=
> ="country"
 95.         qui replace labely_lab = strproper(${`loc'_second}) if group == 2 
> & "`loc'" == "inst"
 96.         qui replace labely_lab = strproper(${`loc'_first}) if group == 1 &
>  "`loc'" == "inst"
 97.         qui replace labely_lab = subinstr(labely_lab, "United States", "US
> ", .)
 98.         qui replace labely_lab = subinstr(labely_lab, "MA-NH", "US", .) if
>  strpos("`loc'" , "world")>0
 99.         qui replace labely_lab = subinstr(labely_lab, "NY-NJ-PA", "US", .)
>  if strpos("`loc'" , "world")>0
100.         qui replace labely_lab = subinstr(labely_lab, "CA", "US", .) if st
> rpos("`loc'" , "world")>0
101.         qui replace labely_lab = subinstr(labely_lab, "United Kingdom", "U
> K", .)
102.         qui sum `year_var'
103.         replace `year_var' = 2023 if `year_var' == r(max)
104.         if "`loc'" == "country" {
105.             graph tw `stacklines' (scatter labely `year_var' if `year_var'
>  ==2023, ms(smcircle) ///
>               msize(0.2) mcolor(black%40) mlabsize(vsmall) mlabcolor(black) m
> label(labely_lab)), ///
>               ytitle("Share of Worldwide Fundamental Science Research Output"
> , size(vsmall)) xtitle("Year", size(vsmall)) xlabel(`min_year'(3)2023, angle(
> 45) labsize(vsmall)) ylabel(0(10)100, labsize(vsmall)) ///
>               graphregion(margin(r+27)) plotregion(margin(zero)) ///
>               legend(off label(1 ${`loc'_first}) label(2 "United Kingdom") la
> bel(3 "China") label(4 "Remaining top 10") label(5 "Remaining places")  ring(
> 1) pos(6) rows(2))
106.             qui graph export ../output/figures/`loc'_stacked_`data'_`samp'
> `suf'.pdf , replace 
107.         }
108.         local w = 27 
109.         if ("`loc'" == "msatitle" | "`loc'" == "msa_world" | "`loc'" == "m
> sa_c_world" | "`loc'" == "msa_comb") local w = 27 
110.         if "`loc'" != "country" {
111.             graph tw `stacklines' (scatter labely `year_var' if `year_var'
>  ==2023, ms(smcircle) ///
>               msize(0.2) mcolor(black%40) mlabsize(vsmall) mlabcolor(black) m
> label(labely_lab)), ///
>               ytitle("Share of Worldwide Fundamental Science Research Output"
> , size(vsmall)) xtitle("Year", size(vsmall)) xlabel(`min_year'(3)2023, angle(
> 45) labsize(vsmall)) ylabel(0(10)100, labsize(vsmall)) ///
>               graphregion(margin(r+`w')) plotregion(margin(zero)) ///
>               legend(off label(1 ${`loc'_first}) label(2 ${`loc'_second}) lab
> el(3 "Remaining top 10") label(4 "Remaining places")  ring(1) pos(6) rows(2))
112.             qui graph export ../output/figures/`loc'_stacked_`data'_`samp'
> `suf'.pdf , replace 
113.         }
114.         restore
115.     }
116. end 

.     
. program top_mesh_terms
  1.     syntax, data(str) samp(str) 
  2.     foreach mesh in gen_mesh {
  3.         use ../external/mesh/contracted_`mesh'_`data'_`samp', clear
  4.         gunique pmid
  5.         local total_articles = r(unique)
  6.         qui bys pmid: gen wt = 1/_N
  7.         qui bys pmid: gen num_`mesh' = _N
  8.         sum num_`mesh'
  9.         cap drop _freq
 10.         collapse (sum) article_wt = wt , by(`mesh')
 11.         qui hashsort -article_wt
 12.         qui gen perc = article_wt/`total_articles'*100
 13.         qui gen cum_perc = sum(perc) 
 14.         qui sum article_wt
 15.         local total = round(r(sum))
 16.         qui count
 17.         local rank_end = min(20,r(N))
 18.         li in 1/`rank_end'
 19.         mkmat article_wt perc cum_perc in 1/`rank_end', mat(top_`mesh'_`sa
> mp')
 20.         mat top_`mesh'_`data'_`samp' = top_`mesh'_`samp' \ (.,`total', .)
 21.         qui levelsof `mesh' in 1/3, local(`mesh'_terms_`data')
 22.         qui gen rank = _n
 23.         qui replace rank = 4 if rank > 3
 24.         qui replace `mesh' = "other" if rank == 4
 25.         qui gen inst = "total"
 26.         collapse (sum) article_wt perc cum_perc, by(inst `mesh' rank)
 27.         drop rank
 28.         qui save ../temp/`mesh'_`data'_`samp', replace
 29.     }
 30. end

. 
. program output_tables
  1.     syntax, data(str) samp(str)
  2.     cap mat if_comb = top_country_jrnls_if_wt \ top_msa_c_world_jrnls_if_w
> t
  3.     cap matrix_to_txt, saving("../output/tables/if_comb.txt") matrix(if_co
> mb) title(<tab:if_comb>) format(%20.4f) replace
  4.     cap mat body_comb = top_country_jrnls_body \ top_msa_c_world_jrnls_bod
> y \ top_inst_jrnls_body
  5.     cap matrix_to_txt, saving("../output/tables/body_comb.txt") matrix(bod
> y_comb) title(<tab:body_comb>) format(%20.4f) replace
  6.     foreach file in top_country top_msa_c_world top_inst {
  7.         cap qui matrix_to_txt, saving("../output/tables/`file'_`samp'_wt.t
> xt") matrix(`file'_`samp'_wt) ///
>            title(<tab:`file'_`samp'_wt>) format(%20.4f) replace
  8.         cap qui matrix_to_txt, saving("../output/tables/`file'_`samp'.txt"
> ) matrix(`file'_`samp') ///
>            title(<tab:`file'_`samp'>) format(%20.4f) replace
  9.         cap qui matrix_to_txt, saving("../output/tables/`file'_`samp'_if.t
> xt") matrix(`file'_`samp'_if) ///
>            title(<tab:`file'_`samp'_if>) format(%20.4f) replace
 10.         cap qui matrix_to_txt, saving("../output/tables/`file'_`samp'_if_w
> t.txt") matrix(`file'_`samp'_if_wt) ///
>            title(<tab:`file'_`samp'_if_wt>) format(%20.4f) replace
 11.         cap qui matrix_to_txt, saving("../output/tables/`file'_`samp'_pat.
> txt") matrix(`file'_`samp'_pat) ///
>            title(<tab:`file'_`samp'_pat>) format(%20.4f) replace
 12.         cap qui matrix_to_txt, saving("../output/tables/`file'_`samp'_frnt
> .txt") matrix(`file'_`samp'_frnt) ///
>            title(<tab:`file'_`samp'_frnt>) format(%20.4f) replace
 13.         cap qui matrix_to_txt, saving("../output/tables/`file'_`samp'_body
> .txt") matrix(`file'_`samp'_body) ///
>            title(<tab:`file'_`samp'_body>) format(%20.4f) replace
 14.          }
 15.  end

. ** 
. main
OUTPUT START
CNS: impact_cite_affl_wt
(0 real changes made)
(file ../temp/rankings_country_if_wt.dta not found)
file ../temp/rankings_country_if_wt.dta saved

     +---------------------------+
     |        country       perc |
     |---------------------------|
  1. |  United States   53.56612 |
  2. |          China   9.832798 |
  3. | United Kingdom   9.509805 |
  4. |        Germany   7.141133 |
  5. |    Switzerland    2.23774 |
     |---------------------------|
  6. |         France   2.075449 |
  7. |         Canada   1.814391 |
  8. |          Japan    1.64926 |
  9. |         Sweden   1.481478 |
 10. |    Netherlands   1.455531 |
     |---------------------------|
 11. |      Australia   1.445243 |
 12. |         Israel   1.310059 |
 13. |    South Korea   .6981674 |
 14. |        Austria   .6632201 |
 15. |        Belgium   .6431359 |
     |---------------------------|
 16. |          Spain   .5870064 |
 17. |   South Africa   .4747136 |
 18. |          Italy   .4445965 |
 19. |      Singapore    .432875 |
 20. |        Denmark   .3725843 |
     +---------------------------+
Total articles: 12016
(0 real changes made)
(0 real changes made)

     +--------------------------------+
     | msa_c_~d   impact~t       perc |
     |--------------------------------|
 50. |            38.24783   .3183075 |
     +--------------------------------+
(file ../temp/rankings_msa_c_world_if_wt.dta not found)
file ../temp/rankings_msa_c_world_if_wt.dta saved

     +-------------------------------------------------+
     |                          msa_c_world       perc |
     |-------------------------------------------------|
  1. |          Boston-Cambridge-Newton, US   11.12719 |
  2. |                         Bay Area, US   7.530132 |
  3. |      New York-Newark-Jersey City, US   7.393199 |
  4. |                          Beijing, CN   4.986041 |
  5. |                           London, GB   4.082792 |
     |-------------------------------------------------|
  6. |  Washington-Arlington-Alexandria, US   3.043896 |
  7. |               San Diego-Carlsbad, US   2.920166 |
  8. |                           Berlin, DE   2.503063 |
  9. |                           Munich, DE    2.38134 |
 10. |          Seattle-Tacoma-Bellevue, US   2.305112 |
     |-------------------------------------------------|
 11. |                           Oxford, GB     1.8509 |
 12. |   Los Angeles-Long Beach-Anaheim, US   1.834991 |
 13. |                        Cambridge, GB   1.776486 |
 14. |                            Paris, FR   1.660836 |
 15. |   Philadelphia-Camden-Wilmington, US   1.314841 |
     |-------------------------------------------------|
 16. |           Research Triangle Park, US   1.200827 |
 17. |                New Haven-Milford, US   1.183774 |
 18. | Houston-The Woodlands-Sugar Land, US   1.142956 |
 19. |                        St. Louis, US   1.020566 |
 20. |                        Stockholm, SE   1.009276 |
     +-------------------------------------------------+
Total articles: 12016
(0 real changes made)
(0 real changes made)
(file ../temp/rankings_inst_if_wt.dta not found)
file ../temp/rankings_inst_if_wt.dta saved

     +----------------------------------------------------------------+
     |                                                inst       perc |
     |----------------------------------------------------------------|
  1. |                                  Harvard University    4.47408 |
  2. |                                 Stanford University   3.377993 |
  3. |                         Chinese Academy of Sciences   2.748414 |
  4. |             University of California, San Francisco    1.92065 |
  5. |                                Mass General Brigham    1.72768 |
     |----------------------------------------------------------------|
  6. |                                  Max Planck Society   1.723483 |
  7. |                       National Institutes of Health   1.708218 |
  8. |                            University of Washington   1.581944 |
  9. |                                 Leibniz Association   1.552515 |
 10. |                                University of Oxford   1.400559 |
     |----------------------------------------------------------------|
 11. |                                 Columbia University   1.346219 |
 12. |               Massachusetts Institute of Technology   1.242235 |
 13. |                              Rockefeller University   1.233927 |
 14. |                                     Yale University   1.169754 |
 15. |                           DeepMind (United Kingdom)   1.152082 |
     |----------------------------------------------------------------|
 16. |                          University of Pennsylvania   1.136294 |
 17. |              Memorial Sloan Kettering Cancer Center   1.123589 |
 18. |                  University of California, Berkeley   1.034253 |
 19. |                 University of California, San Diego   .9844103 |
 20. |                       Weizmann Institute of Science   .9508678 |
     |----------------------------------------------------------------|
 21. |                  Washington University in St. Louis   .9465641 |
 22. |                                 New York University   .9345412 |
 23. |                  California Institute of Technology   .9140381 |
 24. |                                  Cornell University   .8552927 |
 25. |                        Dana-Farber Cancer Institute   .8247805 |
     |----------------------------------------------------------------|
 26. |                           Wellcome Sanger Institute   .8092182 |
 27. |                            Medical Research Council   .8019723 |
 28. |         La Jolla Institute For Allergy & Immunology   .7996332 |
 29. |             Icahn School of Medicine at Mount Sinai   .7915218 |
 30. |                            Johns Hopkins University   .7499041 |
     |----------------------------------------------------------------|
 31. |                                Princeton University   .7108618 |
 32. |                             University of Cambridge   .7098542 |
 33. | The University of Texas Southwestern Medical Center   .7003935 |
 34. |         Whitehead Institute for Biomedical Research   .6416585 |
 35. |                                     Duke University   .6135249 |
     |----------------------------------------------------------------|
 36. |                               Karolinska Institutet   .6071506 |
 37. |    Helmholtz Association of German Research Centres    .604656 |
 38. |   The University of Texas MD Anderson Cancer Center   .5884047 |
 39. |      French National Centre for Scientific Research   .5861587 |
 40. |                          Scripps Research Institute   .5842873 |
     |----------------------------------------------------------------|
 41. |                             Imperial College London   .5731673 |
 42. |                               University of Chicago   .5699008 |
 43. |         University of North Carolina at Chapel Hill   .5351707 |
 44. |               University of California, Los Angeles   .5284649 |
 45. |                          Boston Children's Hospital   .5162472 |
     |----------------------------------------------------------------|
 46. |                              New York Genome Center   .5131608 |
 47. |               St. Jude Children's Research Hospital   .4850833 |
 48. |                         The Francis Crick Institute   .4833502 |
 49. |                                   Peking University   .4722989 |
 50. |                                 Tsinghua University    .470091 |
     +----------------------------------------------------------------+
Total articles: 12016
(0 real changes made)
(0 real changes made)
ALL: impact_cite_affl_wt
(0 real changes made)
file ../temp/rankings_country_if_wt.dta saved

     +---------------------------+
     |        country       perc |
     |---------------------------|
  1. |  United States   51.91961 |
  2. |          China   10.02773 |
  3. | United Kingdom   8.322828 |
  4. |        Germany    6.08776 |
  5. |         Canada    2.22561 |
     |---------------------------|
  6. |          Japan     2.1222 |
  7. |         France   2.046033 |
  8. |    Switzerland   1.984514 |
  9. |      Australia    1.88802 |
 10. |    Netherlands   1.798959 |
     |---------------------------|
 11. |         Sweden   1.287543 |
 12. |         Israel   1.147501 |
 13. |          Italy   .9942772 |
 14. |          Spain   .9789545 |
 15. |        Denmark   .8705761 |
     |---------------------------|
 16. |    South Korea   .8383514 |
 17. |        Belgium   .7640287 |
 18. |        Austria    .604597 |
 19. |      Singapore   .6025958 |
 20. |      Hong Kong   .5066055 |
     +---------------------------+
Total articles: 141576
(0 real changes made)
(0 real changes made)

      +--------------------------------+
      | msa_c_~d   impact~t       perc |
      |--------------------------------|
  39. |            687.9316   .4859098 |
      +--------------------------------+
file ../temp/rankings_msa_c_world_if_wt.dta saved

     +-------------------------------------------------+
     |                          msa_c_world       perc |
     |-------------------------------------------------|
  1. |          Boston-Cambridge-Newton, US   9.977985 |
  2. |                         Bay Area, US    7.84364 |
  3. |      New York-Newark-Jersey City, US    6.92943 |
  4. |                          Beijing, CN   3.881928 |
  5. |                           London, GB   3.383569 |
     |-------------------------------------------------|
  6. |               San Diego-Carlsbad, US    2.26947 |
  7. |  Washington-Arlington-Alexandria, US    2.18373 |
  8. |   Los Angeles-Long Beach-Anaheim, US   1.848532 |
  9. |                           Berlin, DE   1.846172 |
 10. |                        Cambridge, GB   1.716821 |
     |-------------------------------------------------|
 11. |          Seattle-Tacoma-Bellevue, US   1.645231 |
 12. |                           Munich, DE   1.639479 |
 13. |                            Paris, FR   1.511096 |
 14. | Houston-The Woodlands-Sugar Land, US   1.466079 |
 15. |        Baltimore-Columbia-Towson, US   1.428938 |
     |-------------------------------------------------|
 16. |                           Oxford, GB   1.355131 |
 17. |   Philadelphia-Camden-Wilmington, US   1.351067 |
 18. |                New Haven-Milford, US   1.304085 |
 19. |           Research Triangle Park, US   1.204761 |
 20. |                        St. Louis, US   1.144122 |
     +-------------------------------------------------+
Total articles: 141576
(0 real changes made)
(0 real changes made)
file ../temp/rankings_inst_if_wt.dta saved

     +----------------------------------------------------------------+
     |                                                inst       perc |
     |----------------------------------------------------------------|
  1. |                                  Harvard University   3.831129 |
  2. |                                 Stanford University   3.347644 |
  3. |                         Chinese Academy of Sciences    1.95838 |
  4. |             University of California, San Francisco   1.893043 |
  5. |                                Mass General Brigham    1.57866 |
     |----------------------------------------------------------------|
  6. |               Massachusetts Institute of Technology   1.375117 |
  7. |                       National Institutes of Health    1.34404 |
  8. |                                     Yale University   1.252701 |
  9. |                            Johns Hopkins University   1.235754 |
 10. |              Memorial Sloan Kettering Cancer Center   1.220001 |
     |----------------------------------------------------------------|
 11. |                                  Max Planck Society   1.213634 |
 12. |                                 Columbia University   1.189221 |
 13. |                 University of California, San Diego   1.154582 |
 14. |                                University of Oxford   1.129305 |
 15. |                                 New York University   1.096868 |
     |----------------------------------------------------------------|
 16. |                  University of California, Berkeley   1.044479 |
 17. |                          University of Pennsylvania   1.022455 |
 18. |                        Dana-Farber Cancer Institute    1.00355 |
 19. |                            University of Washington   .9767699 |
 20. |                                  Cornell University   .9276841 |
     |----------------------------------------------------------------|
 21. |                  Washington University in St. Louis   .9215513 |
 22. |             Icahn School of Medicine at Mount Sinai   .9070784 |
 23. |    Helmholtz Association of German Research Centres   .7960317 |
 24. |   The University of Texas MD Anderson Cancer Center   .7641378 |
 25. |                            Medical Research Council   .6961389 |
     |----------------------------------------------------------------|
 26. |                             University of Cambridge    .694642 |
 27. |                                 Leibniz Association   .6887441 |
 28. |                               Karolinska Institutet   .6850357 |
 29. |                           Wellcome Sanger Institute   .6806957 |
 30. |                       Weizmann Institute of Science   .6590253 |
     |----------------------------------------------------------------|
 31. |                              Rockefeller University   .6456481 |
 32. | The University of Texas Southwestern Medical Center   .5993825 |
 33. |                                     Duke University   .5806722 |
 34. |                                Princeton University    .579663 |
 35. |                  California Institute of Technology   .5541939 |
     |----------------------------------------------------------------|
 36. |               University of California, Los Angeles   .5538926 |
 37. |         University of North Carolina at Chapel Hill    .540495 |
 38. |      French National Centre for Scientific Research   .5258551 |
 39. |                    University of Michigan–Ann Arbor   .5209904 |
 40. |                             University of Hong Kong   .5065412 |
     |----------------------------------------------------------------|
 41. |                             Imperial College London   .4942578 |
 42. |                                   Peking University   .4725555 |
 43. |                              New York Genome Center   .4605023 |
 44. |                            University of Queensland   .4518441 |
 45. |                                              Inserm    .440271 |
     |----------------------------------------------------------------|
 46. |                           DeepMind (United Kingdom)    .439439 |
 47. |                               University of Toronto   .4276763 |
 48. |                          Baylor College of Medicine   .4106075 |
 49. |                          Boston Children's Hospital   .4075437 |
 50. |            École Polytechnique Fédérale de Lausanne   .3898239 |
     +----------------------------------------------------------------+
Total articles: 141576
(0 real changes made)
(0 real changes made)
CNS: body_adj_wt
(0 real changes made)
(file ../temp/rankings_country_body.dta not found)
file ../temp/rankings_country_body.dta saved

     +---------------------------+
     |        country       perc |
     |---------------------------|
  1. |  United States   64.63504 |
  2. |          China   11.15688 |
  3. | United Kingdom   5.637221 |
  4. |        Germany   4.983561 |
  5. |    Switzerland   2.298273 |
     |---------------------------|
  6. |          Japan   1.884629 |
  7. |         Sweden   1.534205 |
  8. |    Netherlands   1.301434 |
  9. |         Canada   .9662256 |
 10. |      Australia   .9165013 |
     |---------------------------|
 11. |         France   .8768307 |
 12. |         Israel   .6442409 |
 13. |      Singapore   .5069333 |
 14. |        Austria   .3496092 |
 15. |    South Korea   .2907372 |
     |---------------------------|
 16. |          Italy   .2563197 |
 17. |          Spain   .2402884 |
 18. |        Czechia   .1648416 |
 19. |      Hong Kong   .1521615 |
 20. |        Belgium   .1498972 |
     +---------------------------+
Total articles: 12016
(0 real changes made)
(0 real changes made)

     +--------------------------------+
     | msa_c_~d   body_a~t       perc |
     |--------------------------------|
 57. |            25.28161   .2103995 |
     +--------------------------------+
(file ../temp/rankings_msa_c_world_body.dta not found)
file ../temp/rankings_msa_c_world_body.dta saved

     +-------------------------------------------------+
     |                          msa_c_world       perc |
     |-------------------------------------------------|
  1. |          Boston-Cambridge-Newton, US   22.23759 |
  2. |                         Bay Area, US   10.08668 |
  3. |      New York-Newark-Jersey City, US   9.119093 |
  4. |                          Beijing, CN   6.818194 |
  5. |               San Diego-Carlsbad, US   3.565561 |
     |-------------------------------------------------|
  6. |                           London, GB    2.73456 |
  7. |                           Berlin, DE   2.236593 |
  8. |  Washington-Arlington-Alexandria, US   2.171109 |
  9. |   Los Angeles-Long Beach-Anaheim, US   1.763081 |
 10. |      Dallas-Fort Worth-Arlington, US   1.754295 |
     |-------------------------------------------------|
 11. |           Research Triangle Park, US   1.333587 |
 12. |          Seattle-Tacoma-Bellevue, US   1.315654 |
 13. |                        Stockholm, SE   1.269643 |
 14. | Houston-The Woodlands-Sugar Land, US   1.246819 |
 15. |                          Nanjing, CN   1.186588 |
     |-------------------------------------------------|
 16. |                           Munich, DE   1.176535 |
 17. |   Philadelphia-Camden-Wilmington, US   1.110236 |
 18. |                        Cambridge, GB   1.049552 |
 19. |                New Haven-Milford, US   .9396879 |
 20. |                        Amsterdam, NL   .8524668 |
     +-------------------------------------------------+
Total articles: 12016
(0 real changes made)
(0 real changes made)
(file ../temp/rankings_inst_body.dta not found)
file ../temp/rankings_inst_body.dta saved

     +----------------------------------------------------------------+
     |                                                inst       perc |
     |----------------------------------------------------------------|
  1. |                                  Harvard University   8.030685 |
  2. |                  University of California, Berkeley   3.772337 |
  3. |                                Mass General Brigham   3.492831 |
  4. |                                 Stanford University   3.014338 |
  5. |               Massachusetts Institute of Technology    2.96724 |
     |----------------------------------------------------------------|
  6. |                         Chinese Academy of Sciences   2.626688 |
  7. |               McGovern Institute for Brain Research   2.527874 |
  8. |             University of California, San Francisco   2.334049 |
  9. |              Memorial Sloan Kettering Cancer Center   2.010434 |
 10. |                           Minzu University of China   1.930549 |
     |----------------------------------------------------------------|
 11. |                       National Institutes of Health   1.716527 |
 12. |                           Regeneron (United States)   1.711817 |
 13. |                        Dana-Farber Cancer Institute    1.51446 |
 14. |                  California Institute of Technology   1.304966 |
 15. | The University of Texas Southwestern Medical Center   1.257053 |
     |----------------------------------------------------------------|
 16. |                                 Leibniz Association   1.228885 |
 17. |                                 Columbia University   1.218832 |
 18. |                              Rockefeller University   1.165847 |
 19. |                            University of Washington    1.13306 |
 20. |                          Scripps Research Institute   1.065583 |
     +----------------------------------------------------------------+
Total articles: 12016
(0 real changes made)
(0 real changes made)
ALL: body_adj_wt
(0 real changes made)
file ../temp/rankings_country_body.dta saved

     +---------------------------+
     |        country       perc |
     |---------------------------|
  1. |  United States   59.70393 |
  2. |          China   10.33417 |
  3. | United Kingdom   5.198903 |
  4. |        Germany   4.777465 |
  5. |          Japan   3.564629 |
     |---------------------------|
  6. |    Switzerland   2.092029 |
  7. |         Canada   1.689475 |
  8. |    Netherlands   1.425883 |
  9. |         Sweden   1.317445 |
 10. |    South Korea   1.303425 |
     |---------------------------|
 11. |      Australia   1.071753 |
 12. |         France   1.058664 |
 13. |         Israel   .8454101 |
 14. |          Italy   .6485047 |
 15. |        Denmark   .5345832 |
     |---------------------------|
 16. |      Singapore   .5148719 |
 17. |          Spain   .4339575 |
 18. |         Taiwan   .3883786 |
 19. |        Austria   .3647354 |
 20. |   South Africa    .353871 |
     +---------------------------+
Total articles: 141576
(0 real changes made)
(0 real changes made)

      +--------------------------------+
      | msa_c_~d   body_a~t       perc |
      |--------------------------------|
  38. |            610.4245   .4311638 |
      +--------------------------------+
file ../temp/rankings_msa_c_world_body.dta saved

     +-------------------------------------------------+
     |                          msa_c_world       perc |
     |-------------------------------------------------|
  1. |          Boston-Cambridge-Newton, US   17.11427 |
  2. |                         Bay Area, US   9.145288 |
  3. |      New York-Newark-Jersey City, US   7.436153 |
  4. |                          Beijing, CN   5.260468 |
  5. |               San Diego-Carlsbad, US   2.677675 |
     |-------------------------------------------------|
  6. |                           London, GB   2.353449 |
  7. |   Los Angeles-Long Beach-Anaheim, US   2.224886 |
  8. |  Washington-Arlington-Alexandria, US   2.030516 |
  9. | Houston-The Woodlands-Sugar Land, US   1.686267 |
 10. |                           Berlin, DE   1.620098 |
     |-------------------------------------------------|
 11. |   Philadelphia-Camden-Wilmington, US   1.490759 |
 12. |          Seattle-Tacoma-Bellevue, US   1.439541 |
 13. |           Research Triangle Park, US   1.146304 |
 14. |      Dallas-Fort Worth-Arlington, US   1.081014 |
 15. |                        Stockholm, SE   .9722656 |
     |-------------------------------------------------|
 16. |                          Nanjing, CN   .9460357 |
 17. |        Baltimore-Columbia-Towson, US   .9438628 |
 18. |                        Cambridge, GB   .9282904 |
 19. |                           Munich, DE   .9112694 |
 20. |                          Toronto, CA   .8490316 |
     +-------------------------------------------------+
Total articles: 141576
(0 real changes made)
(0 real changes made)
file ../temp/rankings_inst_body.dta saved

     +----------------------------------------------------------------+
     |                                                inst       perc |
     |----------------------------------------------------------------|
  1. |                                  Harvard University    5.75449 |
  2. |                                 Stanford University   3.053948 |
  3. |                  University of California, Berkeley   2.888498 |
  4. |                                Mass General Brigham   2.756469 |
  5. |               Massachusetts Institute of Technology   2.437726 |
     |----------------------------------------------------------------|
  6. |                         Chinese Academy of Sciences   2.091615 |
  7. |             University of California, San Francisco    1.94091 |
  8. |               McGovern Institute for Brain Research   1.664332 |
  9. |              Memorial Sloan Kettering Cancer Center   1.663142 |
 10. |                       National Institutes of Health   1.543167 |
     |----------------------------------------------------------------|
 11. |                        Dana-Farber Cancer Institute   1.459769 |
 12. |                  California Institute of Technology   1.443318 |
 13. |                           Minzu University of China   1.243981 |
 14. |                            University of Washington   1.136629 |
 15. |                                 Columbia University   1.062234 |
     |----------------------------------------------------------------|
 16. |                           Regeneron (United States)   .9778013 |
 17. |                          University of Pennsylvania   .9266349 |
 18. |                                     Yale University   .8338214 |
 19. | The University of Texas Southwestern Medical Center   .7687381 |
 20. |                               Karolinska Institutet   .7676516 |
     +----------------------------------------------------------------+
Total articles: 141576
(0 real changes made)
(0 real changes made)
N = 1,120,351; 324,958 unbalanced groups of sizes 1 to 18

    Variable |        Obs        Mean    Std. dev.       Min        Max
-------------+---------------------------------------------------------
num_gen_mesh |  1,120,351    4.316866    1.764037          1         18

     +-----------------------------------------------------------+
     |                 gen_mesh   articl~t       perc   cum_perc |
     |-----------------------------------------------------------|
  1. |                Receptors   4335.183   1.334075   1.334075 |
  2. |                      DNA   2893.005   .8902705   2.224345 |
  3. |                      RNA   2797.986   .8610301   3.085376 |
  4. |                  Neurons   2280.934   .7019165   3.787292 |
  5. |                    Brain   2173.548   .6688704   4.456162 |
     |-----------------------------------------------------------|
  6. |                Neoplasms   1888.862   .5812634   5.037426 |
  7. |                 Proteins    1866.58   .5744065   5.611832 |
  8. |    Transcription Factors   1749.244   .5382984   6.150131 |
  9. |     DNA-Binding Proteins   1412.177   .4345721   6.584703 |
 10. |         Breast Neoplasms   1408.975   .4335867    7.01829 |
     |-----------------------------------------------------------|
 11. |       Bacterial Proteins   1376.878   .4237094   7.441999 |
 12. |           HIV Infections   1361.522   .4189841   7.860983 |
 13. |                Carcinoma   1320.636   .4064022   8.267385 |
 14. |         Escherichia coli   1313.117   .4040883   8.671474 |
 15. | Saccharomyces cerevisiae   1304.971   .4015813   9.073054 |
     |-----------------------------------------------------------|
 16. |        Membrane Proteins   1282.378   .3946288   9.467684 |
 17. |                MicroRNAs   1230.796   .3787553   9.846439 |
 18. |            T-Lymphocytes   1214.863   .3738524   10.22029 |
 19. |                    Liver   1084.779   .3338213   10.55411 |
 20. |        Diabetes Mellitus   1014.214   .3121062   10.86622 |
     +-----------------------------------------------------------+

. 
end of do-file

--------------------------------------------------------------------------------
Makelog ended: 2024-01-02 00:24:56
Working directory: /export/home/dor/cxu/innovation_projs/analysis/science_geo/cns_descriptives/code
--------------------------------------------------------------------------------
