--------------------------------------------------------------------------------
Makelog started: 2023-09-24 11:59:09
Working directory: /export/home/dor/cxu/innovation_projs/derived/science_geo/openalex/gather_author_pprs/code
--------------------------------------------------------------------------------
External links successfully created!

  ___  ____  ____  ____  ____ ®
 /__    /   ____/   /   ____/      17.0
___/   /   /___/   /   /___/       MP—Parallel Edition

 Statistics and Data Science       Copyright 1985-2021 StataCorp LLC
                                   StataCorp
                                   4905 Lakeway Drive
                                   College Station, Texas 77845 USA
                                   800-STATA-PC        https://www.stata.com
                                   979-696-4600        stata@stata.com

Stata license: Unlimited-user 4-core, expiring 17 Nov 2023
Serial number: 501709306977
  Licensed to: Harvard Business School
               Research Computing

Notes:
      1. Stata is running in batch mode.
      2. Unicode is supported; see help unicode_advice.
      3. More than 2 billion observations are allowed; see help obs_advice.
      4. Maximum number of variables is set to 120,000; see help set_maxvar.

. do "/export/home/dor/cxu/innovation_projs/derived/science_geo/openalex/gather
> _author_pprs/code/build.do" 

. set more off

. clear all

. capture log close

. program drop _all

. set scheme modern

. pause on

. set seed 8975

. here, set
/export/home/dor/cxu/innovation_projs/derived/science_geo/openalex/gather_autho
> r_pprs/code/

. set maxvar 120000


. global temp "/export/scratch/cxu_sci_geo/openalex"

. 
. program main
  1.     append_athrs
  2. end

. program append_athrs
  1.     use if year >= 1945 using ../external/pmids/cleaned_all_all_jrnls.dta,
>  clear
  2.     gcontract id athr_id
  3.     drop _freq
  4.     gen num = subinstr(athr_id, "A", "",.)
  5.     destring num, replace
  6.     drop if num < 5000000000
  7.     drop num
  8.     save ../output/list_of_athrs, replace
  9. end

. 
. 
. 
. main
num: all characters numeric; replaced as double
(36 observations deleted)
(file ../output/list_of_athrs.dta not found)
file ../output/list_of_athrs.dta saved

. 
end of do-file

--------------------------------------------------------------------------------
Makelog ended: 2023-09-24 11:59:57
Working directory: /export/home/dor/cxu/innovation_projs/derived/science_geo/openalex/gather_author_pprs/code
--------------------------------------------------------------------------------
